Archive member included to satisfy reference by file (symbol)

c:/mounriver/mounriver_studio2/resources/app/resources/win32/components/wch/toolchain/risc-v embedded gcc/bin/../lib/gcc/riscv-none-embed/8.2.0/rv32imafcxw/ilp32f\libgcc.a(save-restore.o)
                              ./User/main.o (__riscv_save_12)
c:/mounriver/mounriver_studio2/resources/app/resources/win32/components/wch/toolchain/risc-v embedded gcc/bin/../lib/gcc/riscv-none-embed/8.2.0/../../../../riscv-none-embed/lib/rv32imafcxw/ilp32f\libg_nano.a(lib_a-memcpy.o)
                              ./User/main.o (memcpy)
c:/mounriver/mounriver_studio2/resources/app/resources/win32/components/wch/toolchain/risc-v embedded gcc/bin/../lib/gcc/riscv-none-embed/8.2.0/../../../../riscv-none-embed/lib/rv32imafcxw/ilp32f\libg_nano.a(lib_a-memmove.o)
                              ./User/main.o (memmove)
c:/mounriver/mounriver_studio2/resources/app/resources/win32/components/wch/toolchain/risc-v embedded gcc/bin/../lib/gcc/riscv-none-embed/8.2.0/../../../../riscv-none-embed/lib/rv32imafcxw/ilp32f\libg_nano.a(lib_a-memset.o)
                              ./User/main.o (memset)
c:/mounriver/mounriver_studio2/resources/app/resources/win32/components/wch/toolchain/risc-v embedded gcc/bin/../lib/gcc/riscv-none-embed/8.2.0/../../../../riscv-none-embed/lib/rv32imafcxw/ilp32f\libg_nano.a(lib_a-printf.o)
                              ./User/main.o (printf)
c:/mounriver/mounriver_studio2/resources/app/resources/win32/components/wch/toolchain/risc-v embedded gcc/bin/../lib/gcc/riscv-none-embed/8.2.0/../../../../riscv-none-embed/lib/rv32imafcxw/ilp32f\libg_nano.a(lib_a-puts.o)
                              ./User/main.o (puts)
c:/mounriver/mounriver_studio2/resources/app/resources/win32/components/wch/toolchain/risc-v embedded gcc/bin/../lib/gcc/riscv-none-embed/8.2.0/../../../../riscv-none-embed/lib/rv32imafcxw/ilp32f\libg_nano.a(lib_a-wbuf.o)
                              c:/mounriver/mounriver_studio2/resources/app/resources/win32/components/wch/toolchain/risc-v embedded gcc/bin/../lib/gcc/riscv-none-embed/8.2.0/../../../../riscv-none-embed/lib/rv32imafcxw/ilp32f\libg_nano.a(lib_a-puts.o) (__swbuf_r)
c:/mounriver/mounriver_studio2/resources/app/resources/win32/components/wch/toolchain/risc-v embedded gcc/bin/../lib/gcc/riscv-none-embed/8.2.0/../../../../riscv-none-embed/lib/rv32imafcxw/ilp32f\libg_nano.a(lib_a-wsetup.o)
                              c:/mounriver/mounriver_studio2/resources/app/resources/win32/components/wch/toolchain/risc-v embedded gcc/bin/../lib/gcc/riscv-none-embed/8.2.0/../../../../riscv-none-embed/lib/rv32imafcxw/ilp32f\libg_nano.a(lib_a-puts.o) (__swsetup_r)
c:/mounriver/mounriver_studio2/resources/app/resources/win32/components/wch/toolchain/risc-v embedded gcc/bin/../lib/gcc/riscv-none-embed/8.2.0/../../../../riscv-none-embed/lib/rv32imafcxw/ilp32f\libg_nano.a(lib_a-fflush.o)
                              c:/mounriver/mounriver_studio2/resources/app/resources/win32/components/wch/toolchain/risc-v embedded gcc/bin/../lib/gcc/riscv-none-embed/8.2.0/../../../../riscv-none-embed/lib/rv32imafcxw/ilp32f\libg_nano.a(lib_a-wbuf.o) (_fflush_r)
c:/mounriver/mounriver_studio2/resources/app/resources/win32/components/wch/toolchain/risc-v embedded gcc/bin/../lib/gcc/riscv-none-embed/8.2.0/../../../../riscv-none-embed/lib/rv32imafcxw/ilp32f\libg_nano.a(lib_a-findfp.o)
                              c:/mounriver/mounriver_studio2/resources/app/resources/win32/components/wch/toolchain/risc-v embedded gcc/bin/../lib/gcc/riscv-none-embed/8.2.0/../../../../riscv-none-embed/lib/rv32imafcxw/ilp32f\libg_nano.a(lib_a-printf.o) (__sinit)
c:/mounriver/mounriver_studio2/resources/app/resources/win32/components/wch/toolchain/risc-v embedded gcc/bin/../lib/gcc/riscv-none-embed/8.2.0/../../../../riscv-none-embed/lib/rv32imafcxw/ilp32f\libg_nano.a(lib_a-fwalk.o)
                              c:/mounriver/mounriver_studio2/resources/app/resources/win32/components/wch/toolchain/risc-v embedded gcc/bin/../lib/gcc/riscv-none-embed/8.2.0/../../../../riscv-none-embed/lib/rv32imafcxw/ilp32f\libg_nano.a(lib_a-findfp.o) (_fwalk)
c:/mounriver/mounriver_studio2/resources/app/resources/win32/components/wch/toolchain/risc-v embedded gcc/bin/../lib/gcc/riscv-none-embed/8.2.0/../../../../riscv-none-embed/lib/rv32imafcxw/ilp32f\libg_nano.a(lib_a-impure.o)
                              c:/mounriver/mounriver_studio2/resources/app/resources/win32/components/wch/toolchain/risc-v embedded gcc/bin/../lib/gcc/riscv-none-embed/8.2.0/../../../../riscv-none-embed/lib/rv32imafcxw/ilp32f\libg_nano.a(lib_a-fflush.o) (_global_impure_ptr)
c:/mounriver/mounriver_studio2/resources/app/resources/win32/components/wch/toolchain/risc-v embedded gcc/bin/../lib/gcc/riscv-none-embed/8.2.0/../../../../riscv-none-embed/lib/rv32imafcxw/ilp32f\libg_nano.a(lib_a-makebuf.o)
[...]
Memory Configuration

Name             Origin             Length             Attributes
FLASH            0x0000000000000000 0x0000000000020000 xr
RAM              0x0000000020000000 0x0000000000008000 xrw
*default*        0x0000000000000000 0xffffffffffffffff

Linker script and memory map

LOAD ./User/buffer_fifo.o
LOAD ./User/ch32v30x_it.o
LOAD ./User/flash_spi.o
LOAD ./User/main.o
LOAD ./User/system_ch32v30x.o
LOAD ./Startup/startup_ch32v30x_D8C.o
LOAD ./Peripheral/src/ch32v30x_adc.o
LOAD ./Peripheral/src/ch32v30x_bkp.o
LOAD ./Peripheral/src/ch32v30x_can.o
LOAD ./Peripheral/src/ch32v30x_crc.o
LOAD ./Peripheral/src/ch32v30x_dac.o
LOAD ./Peripheral/src/ch32v30x_dbgmcu.o
LOAD ./Peripheral/src/ch32v30x_dma.o
LOAD ./Peripheral/src/ch32v30x_dvp.o
LOAD ./Peripheral/src/ch32v30x_eth.o
LOAD ./Peripheral/src/ch32v30x_exti.o
LOAD ./Peripheral/src/ch32v30x_flash.o
LOAD ./Peripheral/src/ch32v30x_fsmc.o
LOAD ./Peripheral/src/ch32v30x_gpio.o
LOAD ./Peripheral/src/ch32v30x_i2c.o
LOAD ./Peripheral/src/ch32v30x_iwdg.o
LOAD ./Peripheral/src/ch32v30x_misc.o
LOAD ./Peripheral/src/ch32v30x_opa.o
LOAD ./Peripheral/src/ch32v30x_pwr.o
LOAD ./Peripheral/src/ch32v30x_rcc.o
LOAD ./Peripheral/src/ch32v30x_rng.o
LOAD ./Peripheral/src/ch32v30x_rtc.o
LOAD ./Peripheral/src/ch32v30x_sdio.o
LOAD ./Peripheral/src/ch32v30x_spi.o
LOAD ./Peripheral/src/ch32v30x_tim.o
LOAD ./Peripheral/src/ch32v30x_usart.o
LOAD ./Peripheral/src/ch32v30x_wwdg.o
LOAD ./Debug/debug.o
LOAD ./Core/core_riscv.o
LOAD c:/mounriver/mounriver_studio2/resources/app/resources/win32/components/wch/toolchain/risc-v embedded gcc/bin/../lib/gcc/riscv-none-embed/8.2.0/../../../../riscv-none-embed/lib/rv32imafcxw/ilp32f\libm.a
LOAD c:/mounriver/mounriver_studio2/resources/app/resources/win32/components/wch/toolchain/risc-v embedded gcc/bin/../lib/gcc/riscv-none-embed/8.2.0/rv32imafcxw/ilp32f\libgcc.a
LOAD c:/mounriver/mounriver_studio2/resources/app/resources/win32/components/wch/toolchain/risc-v embedded gcc/bin/../lib/gcc/riscv-none-embed/8.2.0/../../../../riscv-none-embed/lib/rv32imafcxw/ilp32f\libg_nano.a
LOAD c:/mounriver/mounriver_studio2/resources/app/resources/win32/components/wch/toolchain/risc-v embedded gcc/bin/../lib/gcc/riscv-none-embed/8.2.0/../../../../riscv-none-embed/lib/rv32imafcxw/ilp32f\libc_nano.a
LOAD c:/mounriver/mounriver_studio2/resources/app/resources/win32/components/wch/toolchain/risc-v embedded gcc/bin/../lib/gcc/riscv-none-embed/8.2.0/rv32imafcxw/ilp32f\libgcc.a
START GROUP
LOAD c:/mounriver/mounriver_studio2/resources/app/resources/win32/components/wch/toolchain/risc-v embedded gcc/bin/../lib/gcc/riscv-none-embed/8.2.0/rv32imafcxw/ilp32f\libgcc.a
LOAD c:/mounriver/mounriver_studio2/resources/app/resources/win32/components/wch/toolchain/risc-v embedded gcc/bin/../lib/gcc/riscv-none-embed/8.2.0/../../../../riscv-none-embed/lib/rv32imafcxw/ilp32f\libc_nano.a
LOAD c:/mounriver/mounriver_studio2/resources/app/resources/win32/components/wch/toolchain/risc-v embedded gcc/bin/../lib/gcc/riscv-none-embed/8.2.0/../../../../riscv-none-embed/lib/rv32imafcxw/ilp32f\libnosys.a
END GROUP
START GROUP
LOAD c:/mounriver/mounriver_studio2/resources/app/resources/win32/components/wch/toolchain/risc-v embedded gcc/bin/../lib/gcc/riscv-none-embed/8.2.0/rv32imafcxw/ilp32f\libgcc.a
LOAD c:/mounriver/mounriver_studio2/resources/app/resources/win32/components/wch/toolchain/risc-v embedded gcc/bin/../lib/gcc/riscv-none-embed/8.2.0/../../../../riscv-none-embed/lib/rv32imafcxw/ilp32f\libc_nano.a
LOAD c:/mounriver/mounriver_studio2/resources/app/resources/win32/components/wch/toolchain/risc-v embedded gcc/bin/../lib/gcc/riscv-none-embed/8.2.0/../../../../riscv-none-embed/lib/rv32imafcxw/ilp32f\libnosys.a
END GROUP
                0x0000000000000ffc                __stack_size = 0xffc
                [!provide]                        PROVIDE (_stack_size = __stack_size)

.init           0x0000000000000000        0x4
                0x0000000000000000                _sinit = .
                0x0000000000000000                . = ALIGN (0x4)
 *(SORT_NONE(.init))
 .init          0x0000000000000000        0x4 ./Startup/startup_ch32v30x_D8C.o
                0x0000000000000000                _start
                0x0000000000000004                . = ALIGN (0x4)
                0x0000000000000004                _einit = .

.vector         0x0000000000000004      0x1bc
 *(.vector)
 .vector        0x0000000000000004      0x1a0 ./Startup/startup_ch32v30x_D8C.o
                0x00000000000001c0                . = ALIGN (0x40)
 *fill*         0x00000000000001a4       0x1c 

.text           0x00000000000001c0     0x6928
                0x00000000000001c0                . = ALIGN (0x4)
 *(.text)
 .text          0x00000000000001c0       0x60 c:/mounriver/mounriver_studio2/resources/app/resources/win32/components/wch/toolchain/risc-v embedded gcc/bin/../lib/gcc/riscv-none-embed/8.2.0/rv32imafcxw/ilp32f\libgcc.a(save-restore.o)
                0x00000000000001c0                __riscv_save_12
                0x00000000000001c8                __riscv_save_9
                0x00000000000001c8                __riscv_save_11
                0x00000000000001c8                __riscv_save_10
                0x00000000000001c8                __riscv_save_8
                0x00000000000001d6                __riscv_save_4
                0x00000000000001d6                __riscv_save_6
                0x00000000000001d6                __riscv_save_5
                0x00000000000001d6                __riscv_save_7
                0x00000000000001f0                __riscv_save_3
                0x00000000000001f0                __riscv_save_2
                0x00000000000001f0                __riscv_save_1
                0x00000000000001f0                __riscv_save_0
                0x00000000000001fc                __riscv_restore_12
                0x0000000000000200                __riscv_restore_11
                0x0000000000000200                __riscv_restore_9
                0x0000000000000200                __riscv_restore_10
                0x0000000000000200                __riscv_restore_8
                0x000000000000020a                __riscv_restore_5
                0x000000000000020a                __riscv_restore_7
                0x000000000000020a                __riscv_restore_6
                0x000000000000020a                __riscv_restore_4
                0x0000000000000214                __riscv_restore_3
                0x0000000000000214                __riscv_restore_0
                0x0000000000000214                __riscv_restore_2
                0x0000000000000214                __riscv_restore_1
 .text          0x0000000000000220       0xa8 c:/mounriver/mounriver_studio2/resources/app/resources/win32/components/wch/toolchain/risc-v embedded gcc/bin/../lib/gcc/riscv-none-embed/8.2.0/../../../../riscv-none-embed/lib/rv32imafcxw/ilp32f\libg_nano.a(lib_a-memset.o)
                0x0000000000000220                memset
 *(.text.*)
 .text.Init_FIFO
                0x00000000000002c8       0x1e ./User/buffer_fifo.o
                0x00000000000002c8                Init_FIFO
 .text.n_sample_out_FIFO
                0x00000000000002e6       0x12 ./User/buffer_fifo.o
                0x00000000000002e6                n_sample_out_FIFO
 .text.put_sample_FIFO
                0x00000000000002f8       0x42 ./User/buffer_fifo.o
                0x00000000000002f8                put_sample_FIFO
 .text.get_sample_FIFO
                0x000000000000033a       0x3e ./User/buffer_fifo.o
                0x000000000000033a                get_sample_FIFO
 .text.NMI_Handler
                0x0000000000000378        0x2 ./User/ch32v30x_it.o
                0x0000000000000378                NMI_Handler
 .text.HardFault_Handler
                0x000000000000037a       0x10 ./User/ch32v30x_it.o
                0x000000000000037a                HardFault_Handler
 .text.SPI1_ReadWriteByte
                0x000000000000038a       0x42 ./User/flash_spi.o
                0x000000000000038a                SPI1_ReadWriteByte
 .text.SPI_Flash_Init
                0x00000000000003cc       0xbc ./User/flash_spi.o
                0x00000000000003cc                SPI_Flash_Init
 .text.SPI_Flash_ReadID
                0x0000000000000488       0x50 ./User/flash_spi.o
                0x0000000000000488                SPI_Flash_ReadID
 .text.SPI_Flash_Read
                0x00000000000004d8       0x5c ./User/flash_spi.o
                0x00000000000004d8                SPI_Flash_Read
 .text.get_bits
                0x0000000000000534       0x54 ./User/main.o
 .text.hdr_valid
                0x0000000000000588       0x4e ./User/main.o
 .text.hdr_compare
                0x00000000000005d6       0x46 ./User/main.o
 .text.hdr_frame_samples
                0x000000000000061c       0x24 ./User/main.o
 .text.L3_ldexp_q2
                0x0000000000000640       0x3e ./User/main.o
 .text.L3_midside_stereo
                0x000000000000067e       0x28 ./User/main.o
 .text.L3_dct3_9
                0x00000000000006a6      0x104 ./User/main.o
 .text.L3_imdct36
                0x00000000000007aa      0x118 ./User/main.o
 .text.mp3d_scale_pcm
                0x00000000000008c2       0x44 ./User/main.o
 .text.mp3d_synth_pair
                0x0000000000000906      0x15a ./User/main.o
 .text.hdr_padding
                0x0000000000000a60       0x1a ./User/main.o
 .text.L3_imdct12
                0x0000000000000a7a       0xd8 ./User/main.o
 .text.hdr_frame_bytes
                0x0000000000000b52       0x8e ./User/main.o
 .text.mp3dec_decode_frame
                0x0000000000000be0     0x1b9e ./User/main.o
                0x0000000000000be0                mp3dec_decode_frame
 .text.Dac_Init
                0x000000000000277e       0x68 ./User/main.o
                0x000000000000277e                Dac_Init
 .text.Dac_Dma_Init
                0x00000000000027e6       0x9a ./User/main.o
                0x00000000000027e6                Dac_Dma_Init
 .text.DMA2_Channel4_IRQHandler
                0x0000000000002880      0x15e ./User/main.o
                0x0000000000002880                DMA2_Channel4_IRQHandler
 .text.Timer4_Init
                0x00000000000029de       0x5a ./User/main.o
                0x00000000000029de                Timer4_Init
 .text.GPIO_Toggle_INIT
                0x0000000000002a38       0x40 ./User/main.o
                0x0000000000002a38                GPIO_Toggle_INIT
 .text.startup.main
                0x0000000000002a78      0x36e ./User/main.o
                0x0000000000002a78                main
 .text.SystemInit
                0x0000000000002de6       0xb2 ./User/system_ch32v30x.o
                0x0000000000002de6                SystemInit
 .text.SystemCoreClockUpdate
                0x0000000000002e98      0x12a ./User/system_ch32v30x.o
                0x0000000000002e98                SystemCoreClockUpdate
 .text.vector_handler
                0x0000000000002fc2        0x2 ./Startup/startup_ch32v30x_D8C.o
                0x0000000000002fc2                EXTI2_IRQHandler
                0x0000000000002fc2                TIM8_TRG_COM_IRQHandler
                0x0000000000002fc2                TIM8_CC_IRQHandler
                0x0000000000002fc2                UART8_IRQHandler
                0x0000000000002fc2                TIM1_CC_IRQHandler
                0x0000000000002fc2                TIM6_IRQHandler
                0x0000000000002fc2                SysTick_Handler
                0x0000000000002fc2                PVD_IRQHandler
                0x0000000000002fc2                SDIO_IRQHandler
                0x0000000000002fc2                TIM9_BRK_IRQHandler
                0x0000000000002fc2                DMA2_Channel8_IRQHandler
                0x0000000000002fc2                CAN2_RX1_IRQHandler
                0x0000000000002fc2                EXTI3_IRQHandler
                0x0000000000002fc2                USBHS_IRQHandler
                0x0000000000002fc2                DMA2_Channel9_IRQHandler
                0x0000000000002fc2                TIM10_CC_IRQHandler
                0x0000000000002fc2                USBFS_IRQHandler
                0x0000000000002fc2                EXTI0_IRQHandler
                0x0000000000002fc2                I2C2_EV_IRQHandler
                0x0000000000002fc2                TIM10_TRG_COM_IRQHandler
                0x0000000000002fc2                CAN2_SCE_IRQHandler
                0x0000000000002fc2                ADC1_2_IRQHandler
                0x0000000000002fc2                Break_Point_Handler
                0x0000000000002fc2                SPI1_IRQHandler
                0x0000000000002fc2                TAMPER_IRQHandler
                0x0000000000002fc2                CAN2_RX0_IRQHandler
                0x0000000000002fc2                TIM8_UP_IRQHandler
                0x0000000000002fc2                Ecall_M_Mode_Handler
                0x0000000000002fc2                DMA2_Channel2_IRQHandler
                0x0000000000002fc2                DMA1_Channel4_IRQHandler
                0x0000000000002fc2                TIM9_UP_IRQHandler
                0x0000000000002fc2                USART3_IRQHandler
                0x0000000000002fc2                RTC_IRQHandler
                0x0000000000002fc2                DMA1_Channel7_IRQHandler
                0x0000000000002fc2                CAN1_RX1_IRQHandler
                0x0000000000002fc2                DVP_IRQHandler
                0x0000000000002fc2                UART5_IRQHandler
                0x0000000000002fc2                TIM4_IRQHandler
                0x0000000000002fc2                DMA2_Channel1_IRQHandler
                0x0000000000002fc2                I2C1_EV_IRQHandler
                0x0000000000002fc2                DMA1_Channel6_IRQHandler
                0x0000000000002fc2                UART4_IRQHandler
                0x0000000000002fc2                TIM3_IRQHandler
                0x0000000000002fc2                RCC_IRQHandler
                0x0000000000002fc2                TIM1_TRG_COM_IRQHandler
                0x0000000000002fc2                DMA1_Channel1_IRQHandler
                0x0000000000002fc2                DMA2_Channel7_IRQHandler
                0x0000000000002fc2                EXTI15_10_IRQHandler
                0x0000000000002fc2                TIM7_IRQHandler
                0x0000000000002fc2                CAN2_TX_IRQHandler
                0x0000000000002fc2                TIM5_IRQHandler
                0x0000000000002fc2                EXTI9_5_IRQHandler
                0x0000000000002fc2                ETH_WKUP_IRQHandler
                0x0000000000002fc2                SPI2_IRQHandler
                0x0000000000002fc2                TIM10_BRK_IRQHandler
                0x0000000000002fc2                TIM9_CC_IRQHandler
                0x0000000000002fc2                DMA2_Channel5_IRQHandler
                0x0000000000002fc2                DMA1_Channel5_IRQHandler
                0x0000000000002fc2                EXTI4_IRQHandler
                0x0000000000002fc2                USB_LP_CAN1_RX0_IRQHandler
                0x0000000000002fc2                RNG_IRQHandler
                0x0000000000002fc2                USB_HP_CAN1_TX_IRQHandler
                0x0000000000002fc2                DMA1_Channel3_IRQHandler
                0x0000000000002fc2                ETH_IRQHandler
                0x0000000000002fc2                TIM1_UP_IRQHandler
                0x0000000000002fc2                WWDG_IRQHandler
                0x0000000000002fc2                USBHSWakeup_IRQHandler
                0x0000000000002fc2                DMA2_Channel11_IRQHandler
                0x0000000000002fc2                Ecall_U_Mode_Handler
                0x0000000000002fc2                DMA2_Channel6_IRQHandler
                0x0000000000002fc2                TIM2_IRQHandler
                0x0000000000002fc2                SW_Handler
                0x0000000000002fc2                TIM1_BRK_IRQHandler
                0x0000000000002fc2                DMA2_Channel10_IRQHandler
                0x0000000000002fc2                EXTI1_IRQHandler
                0x0000000000002fc2                RTCAlarm_IRQHandler
                0x0000000000002fc2                TIM10_UP_IRQHandler
                0x0000000000002fc2                TIM9_TRG_COM_IRQHandler
                0x0000000000002fc2                UART7_IRQHandler
                0x0000000000002fc2                USART2_IRQHandler
                0x0000000000002fc2                UART6_IRQHandler
                0x0000000000002fc2                I2C2_ER_IRQHandler
                0x0000000000002fc2                DMA1_Channel2_IRQHandler
                0x0000000000002fc2                TIM8_BRK_IRQHandler
                0x0000000000002fc2                CAN1_SCE_IRQHandler
                0x0000000000002fc2                FLASH_IRQHandler
                0x0000000000002fc2                USART1_IRQHandler
                0x0000000000002fc2                SPI3_IRQHandler
                0x0000000000002fc2                I2C1_ER_IRQHandler
                0x0000000000002fc2                USBWakeUp_IRQHandler
                0x0000000000002fc2                DMA2_Channel3_IRQHandler
 .text.handle_reset
                0x0000000000002fc4       0x8e ./Startup/startup_ch32v30x_D8C.o
                0x0000000000002fc4                handle_reset
 .text.DAC_Init
                0x0000000000003052       0x30 ./Peripheral/src/ch32v30x_dac.o
                0x0000000000003052                DAC_Init
 .text.DAC_Cmd  0x0000000000003082       0x2c ./Peripheral/src/ch32v30x_dac.o
                0x0000000000003082                DAC_Cmd
 .text.DAC_DMACmd
                0x00000000000030ae       0x2c ./Peripheral/src/ch32v30x_dac.o
                0x00000000000030ae                DAC_DMACmd
 .text.DBGMCU_GetCHIPID
                0x00000000000030da        0xa ./Peripheral/src/ch32v30x_dbgmcu.o
                0x00000000000030da                DBGMCU_GetCHIPID
 .text.DMA_Init
                0x00000000000030e4       0x38 ./Peripheral/src/ch32v30x_dma.o
                0x00000000000030e4                DMA_Init
 .text.DMA_StructInit
                0x000000000000311c       0x2e ./Peripheral/src/ch32v30x_dma.o
                0x000000000000311c                DMA_StructInit
 .text.DMA_Cmd  0x000000000000314a       0x14 ./Peripheral/src/ch32v30x_dma.o
                0x000000000000314a                DMA_Cmd
 .text.DMA_ITConfig
                0x000000000000315e       0x12 ./Peripheral/src/ch32v30x_dma.o
                0x000000000000315e                DMA_ITConfig
 .text.DMA_GetFlagStatus
                0x0000000000003170       0x32 ./Peripheral/src/ch32v30x_dma.o
                0x0000000000003170                DMA_GetFlagStatus
 .text.DMA_ClearFlag
                0x00000000000031a2       0x2c ./Peripheral/src/ch32v30x_dma.o
                0x00000000000031a2                DMA_ClearFlag
 .text.DMA_GetITStatus
                0x00000000000031ce        0xa ./Peripheral/src/ch32v30x_dma.o
                0x00000000000031ce                DMA_GetITStatus
 .text.DMA_ClearITPendingBit
                0x00000000000031d8        0xa ./Peripheral/src/ch32v30x_dma.o
                0x00000000000031d8                DMA_ClearITPendingBit
 .text.GPIO_Init
                0x00000000000031e2       0xc0 ./Peripheral/src/ch32v30x_gpio.o
                0x00000000000031e2                GPIO_Init
 .text.GPIO_WriteBit
                0x00000000000032a2        0xa ./Peripheral/src/ch32v30x_gpio.o
                0x00000000000032a2                GPIO_WriteBit
 .text.NVIC_PriorityGroupConfig
                0x00000000000032ac        0x6 ./Peripheral/src/ch32v30x_misc.o
                0x00000000000032ac                NVIC_PriorityGroupConfig
 .text.RCC_GetClocksFreq
                0x00000000000032b2      0x176 ./Peripheral/src/ch32v30x_rcc.o
                0x00000000000032b2                RCC_GetClocksFreq
 .text.RCC_AHBPeriphClockCmd
                0x0000000000003428       0x1e ./Peripheral/src/ch32v30x_rcc.o
                0x0000000000003428                RCC_AHBPeriphClockCmd
 .text.RCC_APB2PeriphClockCmd
                0x0000000000003446       0x1e ./Peripheral/src/ch32v30x_rcc.o
                0x0000000000003446                RCC_APB2PeriphClockCmd
 .text.RCC_APB1PeriphClockCmd
                0x0000000000003464       0x1e ./Peripheral/src/ch32v30x_rcc.o
                0x0000000000003464                RCC_APB1PeriphClockCmd
 .text.SPI_Init
                0x0000000000003482       0x3e ./Peripheral/src/ch32v30x_spi.o
                0x0000000000003482                SPI_Init
 .text.SPI_Cmd  0x00000000000034c0       0x1a ./Peripheral/src/ch32v30x_spi.o
                0x00000000000034c0                SPI_Cmd
 .text.SPI_I2S_SendData
                0x00000000000034da        0x4 ./Peripheral/src/ch32v30x_spi.o
                0x00000000000034da                SPI_I2S_SendData
 .text.SPI_I2S_ReceiveData
                0x00000000000034de        0x4 ./Peripheral/src/ch32v30x_spi.o
                0x00000000000034de                SPI_I2S_ReceiveData
 .text.SPI_I2S_GetFlagStatus
                0x00000000000034e2        0xa ./Peripheral/src/ch32v30x_spi.o
                0x00000000000034e2                SPI_I2S_GetFlagStatus
 .text.TIM_TimeBaseInit
                0x00000000000034ec       0xee ./Peripheral/src/ch32v30x_tim.o
                0x00000000000034ec                TIM_TimeBaseInit
 .text.TIM_TimeBaseStructInit
                0x00000000000035da       0x16 ./Peripheral/src/ch32v30x_tim.o
                0x00000000000035da                TIM_TimeBaseStructInit
 .text.TIM_Cmd  0x00000000000035f0       0x18 ./Peripheral/src/ch32v30x_tim.o
                0x00000000000035f0                TIM_Cmd
 .text.TIM_SelectOutputTrigger
                0x0000000000003608       0x18 ./Peripheral/src/ch32v30x_tim.o
                0x0000000000003608                TIM_SelectOutputTrigger
 .text.USART_Init
                0x0000000000003620       0x8e ./Peripheral/src/ch32v30x_usart.o
                0x0000000000003620                USART_Init
 .text.USART_Cmd
                0x00000000000036ae       0x16 ./Peripheral/src/ch32v30x_usart.o
                0x00000000000036ae                USART_Cmd
 .text.USART_SendData
                0x00000000000036c4        0x8 ./Peripheral/src/ch32v30x_usart.o
                0x00000000000036c4                USART_SendData
 .text.USART_GetFlagStatus
                0x00000000000036cc        0xa ./Peripheral/src/ch32v30x_usart.o
                0x00000000000036cc                USART_GetFlagStatus
 .text.Delay_Init
                0x00000000000036d6       0x26 ./Debug/debug.o
                0x00000000000036d6                Delay_Init
 .text.Delay_Ms
                0x00000000000036fc       0x36 ./Debug/debug.o
                0x00000000000036fc                Delay_Ms
 .text.USART_Printf_Init
                0x0000000000003732       0x5a ./Debug/debug.o
                0x0000000000003732                USART_Printf_Init
 .text._write   0x000000000000378c       0x3a ./Debug/debug.o
                0x000000000000378c                _write
 .text._sbrk    0x00000000000037c6       0x2a ./Debug/debug.o
                0x00000000000037c6                _sbrk
 .text.memcpy   0x00000000000037f0       0xb2 c:/mounriver/mounriver_studio2/resources/app/resources/win32/components/wch/toolchain/risc-v embedded gcc/bin/../lib/gcc/riscv-none-embed/8.2.0/../../../../riscv-none-embed/lib/rv32imafcxw/ilp32f\libg_nano.a(lib_a-memcpy.o)
                0x00000000000037f0                memcpy
 .text.memmove  0x00000000000038a2       0x46 c:/mounriver/mounriver_studio2/resources/app/resources/win32/components/wch/toolchain/risc-v embedded gcc/bin/../lib/gcc/riscv-none-embed/8.2.0/../../../../riscv-none-embed/lib/rv32imafcxw/ilp32f\libg_nano.a(lib_a-memmove.o)
                0x00000000000038a2                memmove
 .text.printf   0x00000000000038e8       0x40 c:/mounriver/mounriver_studio2/resources/app/resources/win32/components/wch/toolchain/risc-v embedded gcc/bin/../lib/gcc/riscv-none-embed/8.2.0/../../../../riscv-none-embed/lib/rv32imafcxw/ilp32f\libg_nano.a(lib_a-printf.o)
                0x00000000000038e8                iprintf
                0x00000000000038e8                printf
 .text._puts_r  0x0000000000003928       0xd4 c:/mounriver/mounriver_studio2/resources/app/resources/win32/components/wch/toolchain/risc-v embedded gcc/bin/../lib/gcc/riscv-none-embed/8.2.0/../../../../riscv-none-embed/lib/rv32imafcxw/ilp32f\libg_nano.a(lib_a-puts.o)
                0x0000000000003928                _puts_r
 .text.puts     0x00000000000039fc        0xa c:/mounriver/mounriver_studio2/resources/app/resources/win32/components/wch/toolchain/risc-v embedded gcc/bin/../lib/gcc/riscv-none-embed/8.2.0/../../../../riscv-none-embed/lib/rv32imafcxw/ilp32f\libg_nano.a(lib_a-puts.o)
                0x00000000000039fc                puts
 .text.__swbuf_r
                0x0000000000003a06       0xbc c:/mounriver/mounriver_studio2/resources/app/resources/win32/components/wch/toolchain/risc-v embedded gcc/bin/../lib/gcc/riscv-none-embed/8.2.0/../../../../riscv-none-embed/lib/rv32imafcxw/ilp32f\libg_nano.a(lib_a-wbuf.o)
                0x0000000000003a06                __swbuf_r
 .text.__swsetup_r
                0x0000000000003ac2       0xfc c:/mounriver/mounriver_studio2/resources/app/resources/win32/components/wch/toolchain/risc-v embedded gcc/bin/../lib/gcc/riscv-none-embed/8.2.0/../../../../riscv-none-embed/lib/rv32imafcxw/ilp32f\libg_nano.a(lib_a-wsetup.o)
                0x0000000000003ac2                __swsetup_r
 .text.__sflush_r
                0x0000000000003bbe      0x130 c:/mounriver/mounriver_studio2/resources/app/resources/win32/components/wch/toolchain/risc-v embedded gcc/bin/../lib/gcc/riscv-none-embed/8.2.0/../../../../riscv-none-embed/lib/rv32imafcxw/ilp32f\libg_nano.a(lib_a-fflush.o)
                0x0000000000003bbe                __sflush_r
 .text._fflush_r
                0x0000000000003cee       0x64 c:/mounriver/mounriver_studio2/resources/app/resources/win32/components/wch/toolchain/risc-v embedded gcc/bin/../lib/gcc/riscv-none-embed/8.2.0/../../../../riscv-none-embed/lib/rv32imafcxw/ilp32f\libg_nano.a(lib_a-fflush.o)
                0x0000000000003cee                _fflush_r
 .text.std      0x0000000000003d52       0x66 c:/mounriver/mounriver_studio2/resources/app/resources/win32/components/wch/toolchain/risc-v embedded gcc/bin/../lib/gcc/riscv-none-embed/8.2.0/../../../../riscv-none-embed/lib/rv32imafcxw/ilp32f\libg_nano.a(lib_a-findfp.o)
 .text._cleanup_r
                0x0000000000003db8        0xa c:/mounriver/mounriver_studio2/resources/app/resources/win32/components/wch/toolchain/risc-v embedded gcc/bin/../lib/gcc/riscv-none-embed/8.2.0/../../../../riscv-none-embed/lib/rv32imafcxw/ilp32f\libg_nano.a(lib_a-findfp.o)
                0x0000000000003db8                _cleanup_r
 .text.__sfmoreglue
                0x0000000000003dc2       0x46 c:/mounriver/mounriver_studio2/resources/app/resources/win32/components/wch/toolchain/risc-v embedded gcc/bin/../lib/gcc/riscv-none-embed/8.2.0/../../../../riscv-none-embed/lib/rv32imafcxw/ilp32f\libg_nano.a(lib_a-findfp.o)
                0x0000000000003dc2                __sfmoreglue
 .text.__sinit  0x0000000000003e08       0x66 c:/mounriver/mounriver_studio2/resources/app/resources/win32/components/wch/toolchain/risc-v embedded gcc/bin/../lib/gcc/riscv-none-embed/8.2.0/../../../../riscv-none-embed/lib/rv32imafcxw/ilp32f\libg_nano.a(lib_a-findfp.o)
                0x0000000000003e08                __sinit
 .text.__sfp    0x0000000000003e6e       0x9c c:/mounriver/mounriver_studio2/resources/app/resources/win32/components/wch/toolchain/risc-v embedded gcc/bin/../lib/gcc/riscv-none-embed/8.2.0/../../../../riscv-none-embed/lib/rv32imafcxw/ilp32f\libg_nano.a(lib_a-findfp.o)
                0x0000000000003e6e                __sfp
 .text._fwalk_reent
                0x0000000000003f0a       0x6a c:/mounriver/mounriver_studio2/resources/app/resources/win32/components/wch/toolchain/risc-v embedded gcc/bin/../lib/gcc/riscv-none-embed/8.2.0/../../../../riscv-none-embed/lib/rv32imafcxw/ilp32f\libg_nano.a(lib_a-fwalk.o)
                0x0000000000003f0a                _fwalk_reent
 .text.__swhatbuf_r
                0x0000000000003f74       0x58 c:/mounriver/mounriver_studio2/resources/app/resources/win32/components/wch/toolchain/risc-v embedded gcc/bin/../lib/gcc/riscv-none-embed/8.2.0/../../../../riscv-none-embed/lib/rv32imafcxw/ilp32f\libg_nano.a(lib_a-makebuf.o)
                0x0000000000003f74                __swhatbuf_r
 .text.__smakebuf_r
                0x0000000000003fcc       0x90 c:/mounriver/mounriver_studio2/resources/app/resources/win32/components/wch/toolchain/risc-v embedded gcc/bin/../lib/gcc/riscv-none-embed/8.2.0/../../../../riscv-none-embed/lib/rv32imafcxw/ilp32f\libg_nano.a(lib_a-makebuf.o)
                0x0000000000003fcc                __smakebuf_r
 .text._free_r  0x000000000000405c       0xa8 c:/mounriver/mounriver_studio2/resources/app/resources/win32/components/wch/toolchain/risc-v embedded gcc/bin/../lib/gcc/riscv-none-embed/8.2.0/../../../../riscv-none-embed/lib/rv32imafcxw/ilp32f\libg_nano.a(lib_a-nano-freer.o)
                0x000000000000405c                _free_r
 .text._malloc_r
                0x0000000000004104       0xd4 c:/mounriver/mounriver_studio2/resources/app/resources/win32/components/wch/toolchain/risc-v embedded gcc/bin/../lib/gcc/riscv-none-embed/8.2.0/../../../../riscv-none-embed/lib/rv32imafcxw/ilp32f\libg_nano.a(lib_a-nano-mallocr.o)
                0x0000000000004104                _malloc_r
 .text.__sfputc_r
                0x00000000000041d8       0x28 c:/mounriver/mounriver_studio2/resources/app/resources/win32/components/wch/toolchain/risc-v embedded gcc/bin/../lib/gcc/riscv-none-embed/8.2.0/../../../../riscv-none-embed/lib/rv32imafcxw/ilp32f\libg_nano.a(lib_a-nano-vfprintf.o)
 .text.__sfputs_r
                0x0000000000004200       0x40 c:/mounriver/mounriver_studio2/resources/app/resources/win32/components/wch/toolchain/risc-v embedded gcc/bin/../lib/gcc/riscv-none-embed/8.2.0/../../../../riscv-none-embed/lib/rv32imafcxw/ilp32f\libg_nano.a(lib_a-nano-vfprintf.o)
                0x0000000000004200                __sfputs_r
 .text._vfprintf_r
                0x0000000000004240      0x286 c:/mounriver/mounriver_studio2/resources/app/resources/win32/components/wch/toolchain/risc-v embedded gcc/bin/../lib/gcc/riscv-none-embed/8.2.0/../../../../riscv-none-embed/lib/rv32imafcxw/ilp32f\libg_nano.a(lib_a-nano-vfprintf.o)
                0x0000000000004240                _vfprintf_r
                0x0000000000004240                _vfiprintf_r
 .text._printf_common
                0x00000000000044c6      0x10c c:/mounriver/mounriver_studio2/resources/app/resources/win32/components/wch/toolchain/risc-v embedded gcc/bin/../lib/gcc/riscv-none-embed/8.2.0/../../../../riscv-none-embed/lib/rv32imafcxw/ilp32f\libg_nano.a(lib_a-nano-vfprintf_i.o)
                0x00000000000044c6                _printf_common
 .text._printf_i
                0x00000000000045d2      0x2a2 c:/mounriver/mounriver_studio2/resources/app/resources/win32/components/wch/toolchain/risc-v embedded gcc/bin/../lib/gcc/riscv-none-embed/8.2.0/../../../../riscv-none-embed/lib/rv32imafcxw/ilp32f\libg_nano.a(lib_a-nano-vfprintf_i.o)
                0x00000000000045d2                _printf_i
 .text._sbrk_r  0x0000000000004874       0x32 c:/mounriver/mounriver_studio2/resources/app/resources/win32/components/wch/toolchain/risc-v embedded gcc/bin/../lib/gcc/riscv-none-embed/8.2.0/../../../../riscv-none-embed/lib/rv32imafcxw/ilp32f\libg_nano.a(lib_a-sbrkr.o)
                0x0000000000004874                _sbrk_r
 .text.__sread  0x00000000000048a6       0x2c c:/mounriver/mounriver_studio2/resources/app/resources/win32/components/wch/toolchain/risc-v embedded gcc/bin/../lib/gcc/riscv-none-embed/8.2.0/../../../../riscv-none-embed/lib/rv32imafcxw/ilp32f\libg_nano.a(lib_a-stdio.o)
                0x00000000000048a6                __sread
 .text.__swrite
                0x00000000000048d2       0x48 c:/mounriver/mounriver_studio2/resources/app/resources/win32/components/wch/toolchain/risc-v embedded gcc/bin/../lib/gcc/riscv-none-embed/8.2.0/../../../../riscv-none-embed/lib/rv32imafcxw/ilp32f\libg_nano.a(lib_a-stdio.o)
                0x00000000000048d2                __swrite
 .text.__sseek  0x000000000000491a       0x30 c:/mounriver/mounriver_studio2/resources/app/resources/win32/components/wch/toolchain/risc-v embedded gcc/bin/../lib/gcc/riscv-none-embed/8.2.0/../../../../riscv-none-embed/lib/rv32imafcxw/ilp32f\libg_nano.a(lib_a-stdio.o)
                0x000000000000491a                __sseek
 .text.__sclose
                0x000000000000494a        0x6 c:/mounriver/mounriver_studio2/resources/app/resources/win32/components/wch/toolchain/risc-v embedded gcc/bin/../lib/gcc/riscv-none-embed/8.2.0/../../../../riscv-none-embed/lib/rv32imafcxw/ilp32f\libg_nano.a(lib_a-stdio.o)
                0x000000000000494a                __sclose
 .text._write_r
                0x0000000000004950       0x36 c:/mounriver/mounriver_studio2/resources/app/resources/win32/components/wch/toolchain/risc-v embedded gcc/bin/../lib/gcc/riscv-none-embed/8.2.0/../../../../riscv-none-embed/lib/rv32imafcxw/ilp32f\libg_nano.a(lib_a-writer.o)
                0x0000000000004950                _write_r
 .text._close_r
                0x0000000000004986       0x30 c:/mounriver/mounriver_studio2/resources/app/resources/win32/components/wch/toolchain/risc-v embedded gcc/bin/../lib/gcc/riscv-none-embed/8.2.0/../../../../riscv-none-embed/lib/rv32imafcxw/ilp32f\libg_nano.a(lib_a-closer.o)
                0x0000000000004986                _close_r
 .text._fstat_r
                0x00000000000049b6       0x32 c:/mounriver/mounriver_studio2/resources/app/resources/win32/components/wch/toolchain/risc-v embedded gcc/bin/../lib/gcc/riscv-none-embed/8.2.0/../../../../riscv-none-embed/lib/rv32imafcxw/ilp32f\libg_nano.a(lib_a-fstatr.o)
                0x00000000000049b6                _fstat_r
 .text._isatty_r
                0x00000000000049e8       0x30 c:/mounriver/mounriver_studio2/resources/app/resources/win32/components/wch/toolchain/risc-v embedded gcc/bin/../lib/gcc/riscv-none-embed/8.2.0/../../../../riscv-none-embed/lib/rv32imafcxw/ilp32f\libg_nano.a(lib_a-isattyr.o)
                0x00000000000049e8                _isatty_r
 .text._lseek_r
                0x0000000000004a18       0x34 c:/mounriver/mounriver_studio2/resources/app/resources/win32/components/wch/toolchain/risc-v embedded gcc/bin/../lib/gcc/riscv-none-embed/8.2.0/../../../../riscv-none-embed/lib/rv32imafcxw/ilp32f\libg_nano.a(lib_a-lseekr.o)
                0x0000000000004a18                _lseek_r
 .text.memchr   0x0000000000004a4c       0x18 c:/mounriver/mounriver_studio2/resources/app/resources/win32/components/wch/toolchain/risc-v embedded gcc/bin/../lib/gcc/riscv-none-embed/8.2.0/../../../../riscv-none-embed/lib/rv32imafcxw/ilp32f\libg_nano.a(lib_a-memchr.o)
                0x0000000000004a4c                memchr
 .text.__malloc_lock
                0x0000000000004a64        0x2 c:/mounriver/mounriver_studio2/resources/app/resources/win32/components/wch/toolchain/risc-v embedded gcc/bin/../lib/gcc/riscv-none-embed/8.2.0/../../../../riscv-none-embed/lib/rv32imafcxw/ilp32f\libg_nano.a(lib_a-mlock.o)
                0x0000000000004a64                __malloc_lock
 .text.__malloc_unlock
                0x0000000000004a66        0x2 c:/mounriver/mounriver_studio2/resources/app/resources/win32/components/wch/toolchain/risc-v embedded gcc/bin/../lib/gcc/riscv-none-embed/8.2.0/../../../../riscv-none-embed/lib/rv32imafcxw/ilp32f\libg_nano.a(lib_a-mlock.o)
                0x0000000000004a66                __malloc_unlock
 .text._read_r  0x0000000000004a68       0x34 c:/mounriver/mounriver_studio2/resources/app/resources/win32/components/wch/toolchain/risc-v embedded gcc/bin/../lib/gcc/riscv-none-embed/8.2.0/../../../../riscv-none-embed/lib/rv32imafcxw/ilp32f\libg_nano.a(lib_a-readr.o)
                0x0000000000004a68                _read_r
 .text._close   0x0000000000004a9c       0x10 c:/mounriver/mounriver_studio2/resources/app/resources/win32/components/wch/toolchain/risc-v embedded gcc/bin/../lib/gcc/riscv-none-embed/8.2.0/../../../../riscv-none-embed/lib/rv32imafcxw/ilp32f\libnosys.a(close.o)
                0x0000000000004a9c                _close
 .text._fstat   0x0000000000004aac       0x10 c:/mounriver/mounriver_studio2/resources/app/resources/win32/components/wch/toolchain/risc-v embedded gcc/bin/../lib/gcc/riscv-none-embed/8.2.0/../../../../riscv-none-embed/lib/rv32imafcxw/ilp32f\libnosys.a(fstat.o)
                0x0000000000004aac                _fstat
 .text._isatty  0x0000000000004abc       0x10 c:/mounriver/mounriver_studio2/resources/app/resources/win32/components/wch/toolchain/risc-v embedded gcc/bin/../lib/gcc/riscv-none-embed/8.2.0/../../../../riscv-none-embed/lib/rv32imafcxw/ilp32f\libnosys.a(isatty.o)
                0x0000000000004abc                _isatty
 .text._lseek   0x0000000000004acc       0x10 c:/mounriver/mounriver_studio2/resources/app/resources/win32/components/wch/toolchain/risc-v embedded gcc/bin/../lib/gcc/riscv-none-embed/8.2.0/../../../../riscv-none-embed/lib/rv32imafcxw/ilp32f\libnosys.a(lseek.o)
                0x0000000000004acc                _lseek
 .text._read    0x0000000000004adc       0x10 c:/mounriver/mounriver_studio2/resources/app/resources/win32/components/wch/toolchain/risc-v embedded gcc/bin/../lib/gcc/riscv-none-embed/8.2.0/../../../../riscv-none-embed/lib/rv32imafcxw/ilp32f\libnosys.a(read.o)
                0x0000000000004adc                _read
 *(.rodata)
 *(.rodata*)
 .rodata.main   0x0000000000004aec       0x14 ./User/main.o
 .rodata.L3_dct3_9.cst4
                0x0000000000004b00       0x20 ./User/main.o
 .rodata.g_aa.6643
                0x0000000000004b20       0x40 ./User/main.o
 .rodata.g_expfrac.6431
                0x0000000000004b60       0x10 ./User/main.o
 .rodata.g_hz.6379
                0x0000000000004b70        0xc ./User/main.o
 .rodata.g_linbits.6494
                0x0000000000004b7c       0x20 ./User/main.o
 .rodata.g_mdct_window.6738
                0x0000000000004b9c       0x90 ./User/main.o
 .rodata.g_mod.6454
                0x0000000000004c2c       0x18 ./User/main.o
 .rodata.g_pan.6598
                0x0000000000004c44       0x38 ./User/main.o
 .rodata.g_pow43
                0x0000000000004c7c      0x244 ./User/main.o
 .rodata.g_preamp.6469
                0x0000000000004ec0        0xa ./User/main.o
 *fill*         0x0000000000004eca        0x2 
 .rodata.g_scf_long.6396
                0x0000000000004ecc       0xb8 ./User/main.o
 .rodata.g_scf_mixed.6398
                0x0000000000004f84      0x140 ./User/main.o
 .rodata.g_scf_partitions.6443
                0x00000000000050c4       0x54 ./User/main.o
 .rodata.g_scf_short.6397
                0x0000000000005118      0x140 ./User/main.o
 .rodata.g_scfc_decode.6452
                0x0000000000005258       0x10 ./User/main.o
 .rodata.g_sec.6773
                0x0000000000005268       0x60 ./User/main.o
 .rodata.g_twid3.6703
                0x00000000000052c8       0x18 ./User/main.o
 .rodata.g_twid9.6676
                0x00000000000052e0       0x48 ./User/main.o
 .rodata.g_win.6827
                0x0000000000005328      0x3c0 ./User/main.o
 .rodata.halfrate.6375
                0x00000000000056e8       0x5a ./User/main.o
 *fill*         0x0000000000005742        0x2 
 .rodata.main.str1.4
                0x0000000000005744      0x12f ./User/main.o
 *fill*         0x0000000000005873        0x1 
 .rodata.mp3d_scale_pcm.cst4
                0x0000000000005874        0x8 ./User/main.o
 .rodata.mp3d_synth_pair.cst4
                0x000000000000587c       0x40 ./User/main.o
 .rodata.mp3dec_decode_frame.cst4
                0x00000000000058bc       0x3c ./User/main.o
 .rodata.tab32.6491
                0x00000000000058f8       0x1c ./User/main.o
 .rodata.tab33.6492
                0x0000000000005914       0x10 ./User/main.o
 .rodata.tabindex.6493
                0x0000000000005924       0x40 ./User/main.o
 .rodata.tabs.6490
                0x0000000000005964     0x10e8 ./User/main.o
 .rodata.__sf_fake_stderr
                0x0000000000006a4c       0x20 c:/mounriver/mounriver_studio2/resources/app/resources/win32/components/wch/toolchain/risc-v embedded gcc/bin/../lib/gcc/riscv-none-embed/8.2.0/../../../../riscv-none-embed/lib/rv32imafcxw/ilp32f\libg_nano.a(lib_a-findfp.o)
                0x0000000000006a4c                __sf_fake_stderr
 .rodata.__sf_fake_stdin
                0x0000000000006a6c       0x20 c:/mounriver/mounriver_studio2/resources/app/resources/win32/components/wch/toolchain/risc-v embedded gcc/bin/../lib/gcc/riscv-none-embed/8.2.0/../../../../riscv-none-embed/lib/rv32imafcxw/ilp32f\libg_nano.a(lib_a-findfp.o)
                0x0000000000006a6c                __sf_fake_stdin
 .rodata.__sf_fake_stdout
                0x0000000000006a8c       0x20 c:/mounriver/mounriver_studio2/resources/app/resources/win32/components/wch/toolchain/risc-v embedded gcc/bin/../lib/gcc/riscv-none-embed/8.2.0/../../../../riscv-none-embed/lib/rv32imafcxw/ilp32f\libg_nano.a(lib_a-findfp.o)
                0x0000000000006a8c                __sf_fake_stdout
 .rodata._vfprintf_r.str1.4
                0x0000000000006aac       0x13 c:/mounriver/mounriver_studio2/resources/app/resources/win32/components/wch/toolchain/risc-v embedded gcc/bin/../lib/gcc/riscv-none-embed/8.2.0/../../../../riscv-none-embed/lib/rv32imafcxw/ilp32f\libg_nano.a(lib_a-nano-vfprintf.o)
 *fill*         0x0000000000006abf        0x1 
 .rodata._printf_i.str1.4
                0x0000000000006ac0       0x28 c:/mounriver/mounriver_studio2/resources/app/resources/win32/components/wch/toolchain/risc-v embedded gcc/bin/../lib/gcc/riscv-none-embed/8.2.0/../../../../riscv-none-embed/lib/rv32imafcxw/ilp32f\libg_nano.a(lib_a-nano-vfprintf_i.o)
                                         0x25 (size before relaxing)
 *(.gnu.linkonce.t.*)
                0x0000000000006ae8                . = ALIGN (0x4)

.rela.dyn       0x0000000000006ae8        0x0
 .rela.init     0x0000000000006ae8        0x0 ./User/buffer_fifo.o
 .rela.vector   0x0000000000006ae8        0x0 ./User/buffer_fifo.o
 .rela.text.handle_reset
                0x0000000000006ae8        0x0 ./User/buffer_fifo.o
 .rela.text._sbrk
                0x0000000000006ae8        0x0 ./User/buffer_fifo.o
 .rela.sdata.curbrk.5275
                0x0000000000006ae8        0x0 ./User/buffer_fifo.o
 .rela.text._vfprintf_r
                0x0000000000006ae8        0x0 ./User/buffer_fifo.o
 .rela.text._sbrk_r
                0x0000000000006ae8        0x0 ./User/buffer_fifo.o
 .rela.text._write_r
                0x0000000000006ae8        0x0 ./User/buffer_fifo.o
 .rela.text._close_r
                0x0000000000006ae8        0x0 ./User/buffer_fifo.o
 .rela.text._fstat_r
                0x0000000000006ae8        0x0 ./User/buffer_fifo.o
 .rela.text._isatty_r
                0x0000000000006ae8        0x0 ./User/buffer_fifo.o
 .rela.text._lseek_r
                0x0000000000006ae8        0x0 ./User/buffer_fifo.o
 .rela.text._read_r
                0x0000000000006ae8        0x0 ./User/buffer_fifo.o
 .rela.text._close
                0x0000000000006ae8        0x0 ./User/buffer_fifo.o
 .rela.text._fstat
                0x0000000000006ae8        0x0 ./User/buffer_fifo.o
 .rela.text._isatty
                0x0000000000006ae8        0x0 ./User/buffer_fifo.o
 .rela.text._lseek
                0x0000000000006ae8        0x0 ./User/buffer_fifo.o
 .rela.text._read
                0x0000000000006ae8        0x0 ./User/buffer_fifo.o

.fini           0x0000000000006ae8        0x0
 *(SORT_NONE(.fini))
                0x0000000000006ae8                . = ALIGN (0x4)
                [!provide]                        PROVIDE (_etext = .)
                [!provide]                        PROVIDE (_eitcm = .)

.preinit_array  0x0000000000006ae8        0x0
                [!provide]                        PROVIDE (__preinit_array_start = .)
 *(.preinit_array)
                [!provide]                        PROVIDE (__preinit_array_end = .)

.init_array     0x0000000000006ae8        0x0
                [!provide]                        PROVIDE (__init_array_start = .)
 *(SORT_BY_INIT_PRIORITY(.init_array.*) SORT_BY_INIT_PRIORITY(.ctors.*))
 *(.init_array EXCLUDE_FILE(*crtend?.o *crtend.o *crtbegin?.o *crtbegin.o) .ctors)
                [!provide]                        PROVIDE (__init_array_end = .)

.fini_array     0x0000000000006ae8        0x0
                [!provide]                        PROVIDE (__fini_array_start = .)
 *(SORT_BY_INIT_PRIORITY(.fini_array.*) SORT_BY_INIT_PRIORITY(.dtors.*))
 *(.fini_array EXCLUDE_FILE(*crtend?.o *crtend.o *crtbegin?.o *crtbegin.o) .dtors)
                [!provide]                        PROVIDE (__fini_array_end = .)

.ctors
 *crtbegin.o(.ctors)
 *crtbegin?.o(.ctors)
 *(EXCLUDE_FILE(*crtend?.o *crtend.o) .ctors)
 *(SORT_BY_NAME(.ctors.*))
 *(.ctors)

.dtors
 *crtbegin.o(.dtors)
 *crtbegin?.o(.dtors)
 *(EXCLUDE_FILE(*crtend?.o *crtend.o) .dtors)
 *(SORT_BY_NAME(.dtors.*))
 *(.dtors)

.dalign         0x0000000020000000        0x0 load address 0x0000000000006ae8
                0x0000000020000000                . = ALIGN (0x4)
                0x0000000020000000                PROVIDE (_data_vma = .)

.dlalign        0x0000000000006ae8        0x0
                0x0000000000006ae8                . = ALIGN (0x4)
                0x0000000000006ae8                PROVIDE (_data_lma = .)

.data           0x0000000020000000       0xa0 load address 0x0000000000006ae8
 *(.gnu.linkonce.r.*)
 *(.data .data.*)
 .data.AHBPrescTable
                0x0000000020000000       0x10 ./User/system_ch32v30x.o
                0x0000000020000000                AHBPrescTable
 .data.APBAHBPrescTable
                0x0000000020000010       0x10 ./Peripheral/src/ch32v30x_rcc.o
 .data.impure_data
                0x0000000020000020       0x60 c:/mounriver/mounriver_studio2/resources/app/resources/win32/components/wch/toolchain/risc-v embedded gcc/bin/../lib/gcc/riscv-none-embed/8.2.0/../../../../riscv-none-embed/lib/rv32imafcxw/ilp32f\libg_nano.a(lib_a-impure.o)
 *(.gnu.linkonce.d.*)
                0x0000000020000080                . = ALIGN (0x8)
                0x0000000020000880                PROVIDE (__global_pointer$ = (. + 0x800))
 *(.sdata .sdata.*)
 .sdata.flag_cb
                0x0000000020000080        0x4 ./User/main.o
                0x0000000020000080                flag_cb
 .sdata.flag_hb
                0x0000000020000084        0x4 ./User/main.o
                0x0000000020000084                flag_hb
 .sdata.flash_ok
                0x0000000020000088        0x4 ./User/main.o
                0x0000000020000088                flash_ok
 .sdata.SystemCoreClock
                0x000000002000008c        0x4 ./User/system_ch32v30x.o
                0x000000002000008c                SystemCoreClock
 .sdata.ADCPrescTable
                0x0000000020000090        0x4 ./Peripheral/src/ch32v30x_rcc.o
 .sdata.curbrk.5275
                0x0000000020000094        0x4 ./Debug/debug.o
 .sdata._impure_ptr
                0x0000000020000098        0x4 c:/mounriver/mounriver_studio2/resources/app/resources/win32/components/wch/toolchain/risc-v embedded gcc/bin/../lib/gcc/riscv-none-embed/8.2.0/../../../../riscv-none-embed/lib/rv32imafcxw/ilp32f\libg_nano.a(lib_a-impure.o)
                0x0000000020000098                _impure_ptr
 *(.sdata2.*)
 .sdata2._global_impure_ptr
                0x000000002000009c        0x4 c:/mounriver/mounriver_studio2/resources/app/resources/win32/components/wch/toolchain/risc-v embedded gcc/bin/../lib/gcc/riscv-none-embed/8.2.0/../../../../riscv-none-embed/lib/rv32imafcxw/ilp32f\libg_nano.a(lib_a-impure.o)
                0x000000002000009c                _global_impure_ptr
 *(.gnu.linkonce.s.*)
                0x00000000200000a0                . = ALIGN (0x8)
 *(.srodata.cst16)
 *(.srodata.cst8)
 *(.srodata.cst4)
 *(.srodata.cst2)
 *(.srodata .srodata.*)
                0x00000000200000a0                . = ALIGN (0x4)
                0x00000000200000a0                PROVIDE (_edata = .)

.bss            0x00000000200000a0     0x3bf4 load address 0x0000000000006b88
                0x00000000200000a0                . = ALIGN (0x4)
                0x00000000200000a0                PROVIDE (_sbss = .)
 *(.sbss*)
 .sbss.estado_mp3
                0x00000000200000a0        0x4 ./User/main.o
                0x00000000200000a0                estado_mp3
 .sbss.frame_size
                0x00000000200000a4        0x4 ./User/main.o
                0x00000000200000a4                frame_size
 .sbss.i.6997   0x00000000200000a8        0x1 ./User/main.o
 *fill*         0x00000000200000a9        0x3 
 .sbss.is       0x00000000200000ac        0x4 ./User/main.o
                0x00000000200000ac                is
 .sbss.ks       0x00000000200000b0        0x4 ./User/main.o
                0x00000000200000b0                ks
 .sbss.nbuf     0x00000000200000b4        0x4 ./User/main.o
                0x00000000200000b4                nbuf
 .sbss.pread    0x00000000200000b8        0x4 ./User/main.o
                0x00000000200000b8                pread
 .sbss.NVIC_Priority_Group
                0x00000000200000bc        0x4 ./Peripheral/src/ch32v30x_misc.o
                0x00000000200000bc                NVIC_Priority_Group
 .sbss.p_ms     0x00000000200000c0        0x2 ./Debug/debug.o
 .sbss.p_us     0x00000000200000c2        0x1 ./Debug/debug.o
 *fill*         0x00000000200000c3        0x1 
 .sbss.__malloc_free_list
                0x00000000200000c4        0x4 c:/mounriver/mounriver_studio2/resources/app/resources/win32/components/wch/toolchain/risc-v embedded gcc/bin/../lib/gcc/riscv-none-embed/8.2.0/../../../../riscv-none-embed/lib/rv32imafcxw/ilp32f\libg_nano.a(lib_a-nano-mallocr.o)
                0x00000000200000c4                __malloc_free_list
 .sbss.__malloc_sbrk_start
                0x00000000200000c8        0x4 c:/mounriver/mounriver_studio2/resources/app/resources/win32/components/wch/toolchain/risc-v embedded gcc/bin/../lib/gcc/riscv-none-embed/8.2.0/../../../../riscv-none-embed/lib/rv32imafcxw/ilp32f\libg_nano.a(lib_a-nano-mallocr.o)
                0x00000000200000c8                __malloc_sbrk_start
 *(.gnu.linkonce.sb.*)
 *(.bss*)
 .bss.DAC_Value
                0x00000000200000cc      0x100 ./User/main.o
                0x00000000200000cc                DAC_Value
 .bss.ar_audio_samples
                0x00000000200001cc      0xa00 ./User/main.o
                0x00000000200001cc                ar_audio_samples
 .bss.audio_samples
                0x0000000020000bcc       0x20 ./User/main.o
                0x0000000020000bcc                audio_samples
 .bss.buf       0x0000000020000bec      0x480 ./User/main.o
                0x0000000020000bec                buf
 .bss.info      0x000000002000106c       0x18 ./User/main.o
                0x000000002000106c                info
 .bss.mp3d      0x0000000020001084     0x1a0c ./User/main.o
                0x0000000020001084                mp3d
 .bss.pcm       0x0000000020002a90     0x1200 ./User/main.o
                0x0000000020002a90                pcm
 *(.gnu.linkonce.b.*)
 *(COMMON*)
 COMMON         0x0000000020003c90        0x4 c:/mounriver/mounriver_studio2/resources/app/resources/win32/components/wch/toolchain/risc-v embedded gcc/bin/../lib/gcc/riscv-none-embed/8.2.0/../../../../riscv-none-embed/lib/rv32imafcxw/ilp32f\libg_nano.a(lib_a-reent.o)
                0x0000000020003c90                errno
                0x0000000020003c94                . = ALIGN (0x4)
                0x0000000020003c94                PROVIDE (_ebss = .)
                0x0000000020003c94                PROVIDE (_end = _ebss)
                [!provide]                        PROVIDE (end = .)

.stack          0x0000000020007004      0xffc
                0x0000000020007004                PROVIDE (_heap_end = .)
                0x0000000020007004                . = ALIGN (0x4)
                [!provide]                        PROVIDE (_susrstack = .)
                0x0000000020008000                . = (. + __stack_size)
 *fill*         0x0000000020007004      0xffc 
                0x0000000020008000                PROVIDE (_eusrstack = .)
OUTPUT(MP3_dac_CH32V305FBP6_r5.elf elf32-littleriscv)

.debug_info     0x0000000000000000    0x14034
 .debug_info    0x0000000000000000      0x1fe ./User/buffer_fifo.o
 .debug_info    0x00000000000001fe      0xbc0 ./User/ch32v30x_it.o
 .debug_info    0x0000000000000dbe     0x179a ./User/flash_spi.o
 .debug_info    0x0000000000002558     0x521a ./User/main.o
 .debug_info    0x0000000000007772      0xb4d ./User/system_ch32v30x.o
 .debug_info    0x00000000000082bf       0x22 ./Startup/startup_ch32v30x_D8C.o
 .debug_info    0x00000000000082e1      0xdbd ./Peripheral/src/ch32v30x_dac.o
 .debug_info    0x000000000000909e      0xa94 ./Peripheral/src/ch32v30x_dbgmcu.o
 .debug_info    0x0000000000009b32      0xd16 ./Peripheral/src/ch32v30x_dma.o
 .debug_info    0x000000000000a848     0x12aa ./Peripheral/src/ch32v30x_gpio.o
 .debug_info    0x000000000000baf2      0xf5b ./Peripheral/src/ch32v30x_misc.o
 .debug_info    0x000000000000ca4d     0x158a ./Peripheral/src/ch32v30x_rcc.o
 .debug_info    0x000000000000dfd7     0x12cd ./Peripheral/src/ch32v30x_spi.o
 .debug_info    0x000000000000f2a4     0x2a54 ./Peripheral/src/ch32v30x_tim.o
 .debug_info    0x0000000000011cf8     0x13cd ./Peripheral/src/ch32v30x_usart.o
 .debug_info    0x00000000000130c5      0xf6f ./Debug/debug.o

.debug_abbrev   0x0000000000000000     0x2f60
 .debug_abbrev  0x0000000000000000      0x133 ./User/buffer_fifo.o
 .debug_abbrev  0x0000000000000133      0x22c ./User/ch32v30x_it.o
 .debug_abbrev  0x000000000000035f      0x361 ./User/flash_spi.o
 .debug_abbrev  0x00000000000006c0      0x6b4 ./User/main.o
 .debug_abbrev  0x0000000000000d74      0x28b ./User/system_ch32v30x.o
 .debug_abbrev  0x0000000000000fff       0x12 ./Startup/startup_ch32v30x_D8C.o
 .debug_abbrev  0x0000000000001011      0x2fe ./Peripheral/src/ch32v30x_dac.o
 .debug_abbrev  0x000000000000130f      0x2f7 ./Peripheral/src/ch32v30x_dbgmcu.o
 .debug_abbrev  0x0000000000001606      0x2fd ./Peripheral/src/ch32v30x_dma.o
 .debug_abbrev  0x0000000000001903      0x31a ./Peripheral/src/ch32v30x_gpio.o
 .debug_abbrev  0x0000000000001c1d      0x2da ./Peripheral/src/ch32v30x_misc.o
 .debug_abbrev  0x0000000000001ef7      0x351 ./Peripheral/src/ch32v30x_rcc.o
 .debug_abbrev  0x0000000000002248      0x312 ./Peripheral/src/ch32v30x_spi.o
 .debug_abbrev  0x000000000000255a      0x3ff ./Peripheral/src/ch32v30x_tim.o
 .debug_abbrev  0x0000000000002959      0x312 ./Peripheral/src/ch32v30x_usart.o
 .debug_abbrev  0x0000000000002c6b      0x2f5 ./Debug/debug.o

.debug_loc      0x0000000000000000     0x80d1
 .debug_loc     0x0000000000000000       0xb9 ./User/buffer_fifo.o
 .debug_loc     0x00000000000000b9      0x393 ./User/flash_spi.o
 .debug_loc     0x000000000000044c     0x3d2e ./User/main.o
 .debug_loc     0x000000000000417a      0x163 ./User/system_ch32v30x.o
 .debug_loc     0x00000000000042dd      0x238 ./Peripheral/src/ch32v30x_dac.o
 .debug_loc     0x0000000000004515       0x7c ./Peripheral/src/ch32v30x_dbgmcu.o
 .debug_loc     0x0000000000004591      0x19a ./Peripheral/src/ch32v30x_dma.o
 .debug_loc     0x000000000000472b      0x72b ./Peripheral/src/ch32v30x_gpio.o
 .debug_loc     0x0000000000004e56       0x61 ./Peripheral/src/ch32v30x_misc.o
 .debug_loc     0x0000000000004eb7      0xadb ./Peripheral/src/ch32v30x_rcc.o
 .debug_loc     0x0000000000005992      0x598 ./Peripheral/src/ch32v30x_spi.o
 .debug_loc     0x0000000000005f2a     0x18b7 ./Peripheral/src/ch32v30x_tim.o
 .debug_loc     0x00000000000077e1      0x779 ./Peripheral/src/ch32v30x_usart.o
 .debug_loc     0x0000000000007f5a      0x177 ./Debug/debug.o

.debug_aranges  0x0000000000000000      0xa98
 .debug_aranges
                0x0000000000000000       0x40 ./User/buffer_fifo.o
 .debug_aranges
                0x0000000000000040       0x28 ./User/ch32v30x_it.o
 .debug_aranges
                0x0000000000000068       0x98 ./User/flash_spi.o
 .debug_aranges
                0x0000000000000100       0xc0 ./User/main.o
 .debug_aranges
                0x00000000000001c0       0x28 ./User/system_ch32v30x.o
 .debug_aranges
                0x00000000000001e8       0x30 ./Startup/startup_ch32v30x_D8C.o
 .debug_aranges
                0x0000000000000218       0x78 ./Peripheral/src/ch32v30x_dac.o
 .debug_aranges
                0x0000000000000290       0x48 ./Peripheral/src/ch32v30x_dbgmcu.o
 .debug_aranges
                0x00000000000002d8       0x60 ./Peripheral/src/ch32v30x_dma.o
 .debug_aranges
                0x0000000000000338       0xb0 ./Peripheral/src/ch32v30x_gpio.o
 .debug_aranges
                0x00000000000003e8       0x28 ./Peripheral/src/ch32v30x_misc.o
 .debug_aranges
                0x0000000000000410      0x1a8 ./Peripheral/src/ch32v30x_rcc.o
 .debug_aranges
                0x00000000000005b8       0xd0 ./Peripheral/src/ch32v30x_spi.o
 .debug_aranges
                0x0000000000000688      0x2d0 ./Peripheral/src/ch32v30x_tim.o
 .debug_aranges
                0x0000000000000958       0xf0 ./Peripheral/src/ch32v30x_usart.o
 .debug_aranges
                0x0000000000000a48       0x50 ./Debug/debug.o

.debug_ranges   0x0000000000000000     0x1160
 .debug_ranges  0x0000000000000000       0x48 ./User/buffer_fifo.o
 .debug_ranges  0x0000000000000048       0x18 ./User/ch32v30x_it.o
 .debug_ranges  0x0000000000000060       0x88 ./User/flash_spi.o
 .debug_ranges  0x00000000000000e8      0x828 ./User/main.o
 .debug_ranges  0x0000000000000910       0x18 ./User/system_ch32v30x.o
 .debug_ranges  0x0000000000000928       0x28 ./Startup/startup_ch32v30x_D8C.o
 .debug_ranges  0x0000000000000950       0x68 ./Peripheral/src/ch32v30x_dac.o
 .debug_ranges  0x00000000000009b8       0x50 ./Peripheral/src/ch32v30x_dbgmcu.o
 .debug_ranges  0x0000000000000a08       0x50 ./Peripheral/src/ch32v30x_dma.o
 .debug_ranges  0x0000000000000a58       0xa0 ./Peripheral/src/ch32v30x_gpio.o
 .debug_ranges  0x0000000000000af8       0x30 ./Peripheral/src/ch32v30x_misc.o
 .debug_ranges  0x0000000000000b28      0x198 ./Peripheral/src/ch32v30x_rcc.o
 .debug_ranges  0x0000000000000cc0       0xc0 ./Peripheral/src/ch32v30x_spi.o
 .debug_ranges  0x0000000000000d80      0x2c0 ./Peripheral/src/ch32v30x_tim.o
 .debug_ranges  0x0000000000001040       0xe0 ./Peripheral/src/ch32v30x_usart.o
 .debug_ranges  0x0000000000001120       0x40 ./Debug/debug.o

.debug_line     0x0000000000000000    0x1180d
 .debug_line    0x0000000000000000      0x34e ./User/buffer_fifo.o
 .debug_line    0x000000000000034e      0x346 ./User/ch32v30x_it.o
 .debug_line    0x0000000000000694      0xd8a ./User/flash_spi.o
 .debug_line    0x000000000000141e     0x59e9 ./User/main.o
 .debug_line    0x0000000000006e07      0x85c ./User/system_ch32v30x.o
 .debug_line    0x0000000000007663      0x122 ./Startup/startup_ch32v30x_D8C.o
 .debug_line    0x0000000000007785      0x899 ./Peripheral/src/ch32v30x_dac.o
 .debug_line    0x000000000000801e      0x421 ./Peripheral/src/ch32v30x_dbgmcu.o
 .debug_line    0x000000000000843f      0xa80 ./Peripheral/src/ch32v30x_dma.o
 .debug_line    0x0000000000008ebf     0x1306 ./Peripheral/src/ch32v30x_gpio.o
 .debug_line    0x000000000000a1c5      0x484 ./Peripheral/src/ch32v30x_misc.o
 .debug_line    0x000000000000a649     0x1a38 ./Peripheral/src/ch32v30x_rcc.o
 .debug_line    0x000000000000c081      0xddf ./Peripheral/src/ch32v30x_spi.o
 .debug_line    0x000000000000ce60     0x321e ./Peripheral/src/ch32v30x_tim.o
 .debug_line    0x000000000001007e      0xfa5 ./Peripheral/src/ch32v30x_usart.o
 .debug_line    0x0000000000011023      0x7ea ./Debug/debug.o

.debug_str      0x0000000000000000     0x3abb
 .debug_str     0x0000000000000000      0x1ba ./User/buffer_fifo.o
                                        0x1c0 (size before relaxing)
 .debug_str     0x00000000000001ba      0x505 ./User/ch32v30x_it.o
                                        0x6bc (size before relaxing)
 .debug_str     0x00000000000006bf      0x48d ./User/flash_spi.o
                                        0xacd (size before relaxing)
 .debug_str     0x0000000000000b4c     0x1205 ./User/main.o
                                       0x1b93 (size before relaxing)
 .debug_str     0x0000000000001d51       0xf1 ./User/system_ch32v30x.o
                                        0x6ef (size before relaxing)
 .debug_str     0x0000000000001e42       0x2e ./Startup/startup_ch32v30x_D8C.o
                                         0x73 (size before relaxing)
 .debug_str     0x0000000000001e70      0x153 ./Peripheral/src/ch32v30x_dac.o
                                        0x836 (size before relaxing)
 .debug_str     0x0000000000001fc3       0x7e ./Peripheral/src/ch32v30x_dbgmcu.o
                                        0x67d (size before relaxing)
 .debug_str     0x0000000000002041       0xdf ./Peripheral/src/ch32v30x_dma.o
                                        0x82a (size before relaxing)
 .debug_str     0x0000000000002120      0x23d ./Peripheral/src/ch32v30x_gpio.o
                                        0x9e7 (size before relaxing)
 .debug_str     0x000000000000235d       0xfe ./Peripheral/src/ch32v30x_misc.o
                                        0xcf0 (size before relaxing)
 .debug_str     0x000000000000245b      0x597 ./Peripheral/src/ch32v30x_rcc.o
                                        0xd16 (size before relaxing)
 .debug_str     0x00000000000029f2      0x260 ./Peripheral/src/ch32v30x_spi.o
                                        0xac6 (size before relaxing)
 .debug_str     0x0000000000002c52      0x9ff ./Peripheral/src/ch32v30x_tim.o
                                       0x12c5 (size before relaxing)
 .debug_str     0x0000000000003651      0x3e2 ./Peripheral/src/ch32v30x_usart.o
                                        0xb31 (size before relaxing)
 .debug_str     0x0000000000003a33       0x88 ./Debug/debug.o
                                        0x96f (size before relaxing)

.comment        0x0000000000000000       0x33
 .comment       0x0000000000000000       0x33 ./User/buffer_fifo.o
                                         0x34 (size before relaxing)
 .comment       0x0000000000000033       0x34 ./User/ch32v30x_it.o
 .comment       0x0000000000000033       0x34 ./User/flash_spi.o
 .comment       0x0000000000000033       0x34 ./User/main.o
 .comment       0x0000000000000033       0x34 ./User/system_ch32v30x.o
 .comment       0x0000000000000033       0x34 ./Peripheral/src/ch32v30x_dac.o
 .comment       0x0000000000000033       0x34 ./Peripheral/src/ch32v30x_dbgmcu.o
 .comment       0x0000000000000033       0x34 ./Peripheral/src/ch32v30x_dma.o
 .comment       0x0000000000000033       0x34 ./Peripheral/src/ch32v30x_gpio.o
 .comment       0x0000000000000033       0x34 ./Peripheral/src/ch32v30x_misc.o
 .comment       0x0000000000000033       0x34 ./Peripheral/src/ch32v30x_rcc.o
 .comment       0x0000000000000033       0x34 ./Peripheral/src/ch32v30x_spi.o
 .comment       0x0000000000000033       0x34 ./Peripheral/src/ch32v30x_tim.o
 .comment       0x0000000000000033       0x34 ./Peripheral/src/ch32v30x_usart.o
 .comment       0x0000000000000033       0x34 ./Debug/debug.o

.debug_frame    0x0000000000000000     0x20e0
 .debug_frame   0x0000000000000000       0x60 ./User/buffer_fifo.o
 .debug_frame   0x0000000000000060       0x30 ./User/ch32v30x_it.o
 .debug_frame   0x0000000000000090      0x248 ./User/flash_spi.o
 .debug_frame   0x00000000000002d8      0x308 ./User/main.o
 .debug_frame   0x00000000000005e0       0x30 ./User/system_ch32v30x.o
 .debug_frame   0x0000000000000610       0xf4 ./Peripheral/src/ch32v30x_dac.o
 .debug_frame   0x0000000000000704       0x70 ./Peripheral/src/ch32v30x_dbgmcu.o
 .debug_frame   0x0000000000000774       0xd8 ./Peripheral/src/ch32v30x_dma.o
 .debug_frame   0x000000000000084c      0x174 ./Peripheral/src/ch32v30x_gpio.o
 .debug_frame   0x00000000000009c0       0x30 ./Peripheral/src/ch32v30x_misc.o
 .debug_frame   0x00000000000009f0      0x344 ./Peripheral/src/ch32v30x_rcc.o
 .debug_frame   0x0000000000000d34      0x1a8 ./Peripheral/src/ch32v30x_spi.o
 .debug_frame   0x0000000000000edc      0x614 ./Peripheral/src/ch32v30x_tim.o
 .debug_frame   0x00000000000014f0      0x1e4 ./Peripheral/src/ch32v30x_usart.o
 .debug_frame   0x00000000000016d4       0xb8 ./Debug/debug.o
 .debug_frame   0x000000000000178c       0x20 c:/mounriver/mounriver_studio2/resources/app/resources/win32/components/wch/toolchain/risc-v embedded gcc/bin/../lib/gcc/riscv-none-embed/8.2.0/../../../../riscv-none-embed/lib/rv32imafcxw/ilp32f\libg_nano.a(lib_a-memcpy.o)
 .debug_frame   0x00000000000017ac       0x20 c:/mounriver/mounriver_studio2/resources/app/resources/win32/components/wch/toolchain/risc-v embedded gcc/bin/../lib/gcc/riscv-none-embed/8.2.0/../../../../riscv-none-embed/lib/rv32imafcxw/ilp32f\libg_nano.a(lib_a-memmove.o)
 .debug_frame   0x00000000000017cc       0x54 c:/mounriver/mounriver_studio2/resources/app/resources/win32/components/wch/toolchain/risc-v embedded gcc/bin/../lib/gcc/riscv-none-embed/8.2.0/../../../../riscv-none-embed/lib/rv32imafcxw/ilp32f\libg_nano.a(lib_a-printf.o)
 .debug_frame   0x0000000000001820       0x54 c:/mounriver/mounriver_studio2/resources/app/resources/win32/components/wch/toolchain/risc-v embedded gcc/bin/../lib/gcc/riscv-none-embed/8.2.0/../../../../riscv-none-embed/lib/rv32imafcxw/ilp32f\libg_nano.a(lib_a-puts.o)
 .debug_frame   0x0000000000001874       0x50 c:/mounriver/mounriver_studio2/resources/app/resources/win32/components/wch/toolchain/risc-v embedded gcc/bin/../lib/gcc/riscv-none-embed/8.2.0/../../../../riscv-none-embed/lib/rv32imafcxw/ilp32f\libg_nano.a(lib_a-wbuf.o)
 .debug_frame   0x00000000000018c4       0x3c c:/mounriver/mounriver_studio2/resources/app/resources/win32/components/wch/toolchain/risc-v embedded gcc/bin/../lib/gcc/riscv-none-embed/8.2.0/../../../../riscv-none-embed/lib/rv32imafcxw/ilp32f\libg_nano.a(lib_a-wsetup.o)
 .debug_frame   0x0000000000001900       0x7c c:/mounriver/mounriver_studio2/resources/app/resources/win32/components/wch/toolchain/risc-v embedded gcc/bin/../lib/gcc/riscv-none-embed/8.2.0/../../../../riscv-none-embed/lib/rv32imafcxw/ilp32f\libg_nano.a(lib_a-fflush.o)
 .debug_frame   0x000000000000197c      0x148 c:/mounriver/mounriver_studio2/resources/app/resources/win32/components/wch/toolchain/risc-v embedded gcc/bin/../lib/gcc/riscv-none-embed/8.2.0/../../../../riscv-none-embed/lib/rv32imafcxw/ilp32f\libg_nano.a(lib_a-findfp.o)
 .debug_frame   0x0000000000001ac4       0x88 c:/mounriver/mounriver_studio2/resources/app/resources/win32/components/wch/toolchain/risc-v embedded gcc/bin/../lib/gcc/riscv-none-embed/8.2.0/../../../../riscv-none-embed/lib/rv32imafcxw/ilp32f\libg_nano.a(lib_a-fwalk.o)
 .debug_frame   0x0000000000001b4c       0x64 c:/mounriver/mounriver_studio2/resources/app/resources/win32/components/wch/toolchain/risc-v embedded gcc/bin/../lib/gcc/riscv-none-embed/8.2.0/../../../../riscv-none-embed/lib/rv32imafcxw/ilp32f\libg_nano.a(lib_a-makebuf.o)
 .debug_frame   0x0000000000001bb0       0x40 c:/mounriver/mounriver_studio2/resources/app/resources/win32/components/wch/toolchain/risc-v embedded gcc/bin/../lib/gcc/riscv-none-embed/8.2.0/../../../../riscv-none-embed/lib/rv32imafcxw/ilp32f\libg_nano.a(lib_a-nano-freer.o)
 .debug_frame   0x0000000000001bf0       0x40 c:/mounriver/mounriver_studio2/resources/app/resources/win32/components/wch/toolchain/risc-v embedded gcc/bin/../lib/gcc/riscv-none-embed/8.2.0/../../../../riscv-none-embed/lib/rv32imafcxw/ilp32f\libg_nano.a(lib_a-nano-mallocr.o)
 .debug_frame   0x0000000000001c30       0xd0 c:/mounriver/mounriver_studio2/resources/app/resources/win32/components/wch/toolchain/risc-v embedded gcc/bin/../lib/gcc/riscv-none-embed/8.2.0/../../../../riscv-none-embed/lib/rv32imafcxw/ilp32f\libg_nano.a(lib_a-nano-vfprintf.o)
 .debug_frame   0x0000000000001d00       0x8c c:/mounriver/mounriver_studio2/resources/app/resources/win32/components/wch/toolchain/risc-v embedded gcc/bin/../lib/gcc/riscv-none-embed/8.2.0/../../../../riscv-none-embed/lib/rv32imafcxw/ilp32f\libg_nano.a(lib_a-nano-vfprintf_i.o)
 .debug_frame   0x0000000000001d8c       0x30 c:/mounriver/mounriver_studio2/resources/app/resources/win32/components/wch/toolchain/risc-v embedded gcc/bin/../lib/gcc/riscv-none-embed/8.2.0/../../../../riscv-none-embed/lib/rv32imafcxw/ilp32f\libg_nano.a(lib_a-sbrkr.o)
 .debug_frame   0x0000000000001dbc       0xa4 c:/mounriver/mounriver_studio2/resources/app/resources/win32/components/wch/toolchain/risc-v embedded gcc/bin/../lib/gcc/riscv-none-embed/8.2.0/../../../../riscv-none-embed/lib/rv32imafcxw/ilp32f\libg_nano.a(lib_a-stdio.o)
 .debug_frame   0x0000000000001e60       0x30 c:/mounriver/mounriver_studio2/resources/app/resources/win32/components/wch/toolchain/risc-v embedded gcc/bin/../lib/gcc/riscv-none-embed/8.2.0/../../../../riscv-none-embed/lib/rv32imafcxw/ilp32f\libg_nano.a(lib_a-writer.o)
 .debug_frame   0x0000000000001e90       0x30 c:/mounriver/mounriver_studio2/resources/app/resources/win32/components/wch/toolchain/risc-v embedded gcc/bin/../lib/gcc/riscv-none-embed/8.2.0/../../../../riscv-none-embed/lib/rv32imafcxw/ilp32f\libg_nano.a(lib_a-closer.o)
 .debug_frame   0x0000000000001ec0       0x30 c:/mounriver/mounriver_studio2/resources/app/resources/win32/components/wch/toolchain/risc-v embedded gcc/bin/../lib/gcc/riscv-none-embed/8.2.0/../../../../riscv-none-embed/lib/rv32imafcxw/ilp32f\libg_nano.a(lib_a-fstatr.o)
 .debug_frame   0x0000000000001ef0       0x30 c:/mounriver/mounriver_studio2/resources/app/resources/win32/components/wch/toolchain/risc-v embedded gcc/bin/../lib/gcc/riscv-none-embed/8.2.0/../../../../riscv-none-embed/lib/rv32imafcxw/ilp32f\libg_nano.a(lib_a-isattyr.o)
 .debug_frame   0x0000000000001f20       0x30 c:/mounriver/mounriver_studio2/resources/app/resources/win32/components/wch/toolchain/risc-v embedded gcc/bin/../lib/gcc/riscv-none-embed/8.2.0/../../../../riscv-none-embed/lib/rv32imafcxw/ilp32f\libg_nano.a(lib_a-lseekr.o)
 .debug_frame   0x0000000000001f50       0x20 c:/mounriver/mounriver_studio2/resources/app/resources/win32/components/wch/toolchain/risc-v embedded gcc/bin/../lib/gcc/riscv-none-embed/8.2.0/../../../../riscv-none-embed/lib/rv32imafcxw/ilp32f\libg_nano.a(lib_a-memchr.o)
 .debug_frame   0x0000000000001f70       0x30 c:/mounriver/mounriver_studio2/resources/app/resources/win32/components/wch/toolchain/risc-v embedded gcc/bin/../lib/gcc/riscv-none-embed/8.2.0/../../../../riscv-none-embed/lib/rv32imafcxw/ilp32f\libg_nano.a(lib_a-mlock.o)
 .debug_frame   0x0000000000001fa0       0x30 c:/mounriver/mounriver_studio2/resources/app/resources/win32/components/wch/toolchain/risc-v embedded gcc/bin/../lib/gcc/riscv-none-embed/8.2.0/../../../../riscv-none-embed/lib/rv32imafcxw/ilp32f\libg_nano.a(lib_a-readr.o)
 .debug_frame   0x0000000000001fd0       0x70 c:/mounriver/mounriver_studio2/resources/app/resources/win32/components/wch/toolchain/risc-v embedded gcc/bin/../lib/gcc/riscv-none-embed/8.2.0/../../../../riscv-none-embed/lib/rv32imafcxw/ilp32f\libg_nano.a(lib_a-reent.o)
 .debug_frame   0x0000000000002040       0x20 c:/mounriver/mounriver_studio2/resources/app/resources/win32/components/wch/toolchain/risc-v embedded gcc/bin/../lib/gcc/riscv-none-embed/8.2.0/../../../../riscv-none-embed/lib/rv32imafcxw/ilp32f\libnosys.a(close.o)
 .debug_frame   0x0000000000002060       0x20 c:/mounriver/mounriver_studio2/resources/app/resources/win32/components/wch/toolchain/risc-v embedded gcc/bin/../lib/gcc/riscv-none-embed/8.2.0/../../../../riscv-none-embed/lib/rv32imafcxw/ilp32f\libnosys.a(fstat.o)
 .debug_frame   0x0000000000002080       0x20 c:/mounriver/mounriver_studio2/resources/app/resources/win32/components/wch/toolchain/risc-v embedded gcc/bin/../lib/gcc/riscv-none-embed/8.2.0/../../../../riscv-none-embed/lib/rv32imafcxw/ilp32f\libnosys.a(isatty.o)
 .debug_frame   0x00000000000020a0       0x20 c:/mounriver/mounriver_studio2/resources/app/resources/win32/components/wch/toolchain/risc-v embedded gcc/bin/../lib/gcc/riscv-none-embed/8.2.0/../../../../riscv-none-embed/lib/rv32imafcxw/ilp32f\libnosys.a(lseek.o)
 .debug_frame   0x00000000000020c0       0x20 c:/mounriver/mounriver_studio2/resources/app/resources/win32/components/wch/toolchain/risc-v embedded gcc/bin/../lib/gcc/riscv-none-embed/8.2.0/../../../../riscv-none-embed/lib/rv32imafcxw/ilp32f\libnosys.a(read.o)

.stab           0x0000000000000000       0x84
 .stab          0x0000000000000000       0x24 c:/mounriver/mounriver_studio2/resources/app/resources/win32/components/wch/toolchain/risc-v embedded gcc/bin/../lib/gcc/riscv-none-embed/8.2.0/../../../../riscv-none-embed/lib/rv32imafcxw/ilp32f\libnosys.a(close.o)
 .stab          0x0000000000000024       0x18 c:/mounriver/mounriver_studio2/resources/app/resources/win32/components/wch/toolchain/risc-v embedded gcc/bin/../lib/gcc/riscv-none-embed/8.2.0/../../../../riscv-none-embed/lib/rv32imafcxw/ilp32f\libnosys.a(fstat.o)
                                         0x24 (size before relaxing)
 .stab          0x000000000000003c       0x18 c:/mounriver/mounriver_studio2/resources/app/resources/win32/components/wch/toolchain/risc-v embedded gcc/bin/../lib/gcc/riscv-none-embed/8.2.0/../../../../riscv-none-embed/lib/rv32imafcxw/ilp32f\libnosys.a(isatty.o)
                                         0x24 (size before relaxing)
 .stab          0x0000000000000054       0x18 c:/mounriver/mounriver_studio2/resources/app/resources/win32/components/wch/toolchain/risc-v embedded gcc/bin/../lib/gcc/riscv-none-embed/8.2.0/../../../../riscv-none-embed/lib/rv32imafcxw/ilp32f\libnosys.a(lseek.o)
                                         0x24 (size before relaxing)
 .stab          0x000000000000006c       0x18 c:/mounriver/mounriver_studio2/resources/app/resources/win32/components/wch/toolchain/risc-v embedded gcc/bin/../lib/gcc/riscv-none-embed/8.2.0/../../../../riscv-none-embed/lib/rv32imafcxw/ilp32f\libnosys.a(read.o)
                                         0x24 (size before relaxing)

.stabstr        0x0000000000000000      0x117
 .stabstr       0x0000000000000000      0x117 c:/mounriver/mounriver_studio2/resources/app/resources/win32/components/wch/toolchain/risc-v embedded gcc/bin/../lib/gcc/riscv-none-embed/8.2.0/../../../../riscv-none-embed/lib/rv32imafcxw/ilp32f\libnosys.a(close.o)
