Archive member included to satisfy reference by file (symbol)

c:/mounriver/mounriver_studio2/resources/app/resources/win32/components/wch/toolchain/risc-v embedded gcc/bin/../lib/gcc/riscv-none-embed/8.2.0/rv32imafcxw/ilp32f\libgcc.a(save-restore.o)
                              ./User/main.o (__riscv_save_12)
c:/mounriver/mounriver_studio2/resources/app/resources/win32/components/wch/toolchain/risc-v embedded gcc/bin/../lib/gcc/riscv-none-embed/8.2.0/../../../../riscv-none-embed/lib/rv32imafcxw/ilp32f\libg_nano.a(lib_a-memcpy.o)
                              ./User/main.o (memcpy)
c:/mounriver/mounriver_studio2/resources/app/resources/win32/components/wch/toolchain/risc-v embedded gcc/bin/../lib/gcc/riscv-none-embed/8.2.0/../../../../riscv-none-embed/lib/rv32imafcxw/ilp32f\libg_nano.a(lib_a-memmove.o)
                              ./User/main.o (memmove)
c:/mounriver/mounriver_studio2/resources/app/resources/win32/components/wch/toolchain/risc-v embedded gcc/bin/../lib/gcc/riscv-none-embed/8.2.0/../../../../riscv-none-embed/lib/rv32imafcxw/ilp32f\libg_nano.a(lib_a-memset.o)
                              ./User/main.o (memset)
c:/mounriver/mounriver_studio2/resources/app/resources/win32/components/wch/toolchain/risc-v embedded gcc/bin/../lib/gcc/riscv-none-embed/8.2.0/../../../../riscv-none-embed/lib/rv32imafcxw/ilp32f\libg_nano.a(lib_a-printf.o)
                              ./User/main.o (printf)
c:/mounriver/mounriver_studio2/resources/app/resources/win32/components/wch/toolchain/risc-v embedded gcc/bin/../lib/gcc/riscv-none-embed/8.2.0/../../../../riscv-none-embed/lib/rv32imafcxw/ilp32f\libg_nano.a(lib_a-puts.o)
                              ./User/main.o (puts)
c:/mounriver/mounriver_studio2/resources/app/resources/win32/components/wch/toolchain/risc-v embedded gcc/bin/../lib/gcc/riscv-none-embed/8.2.0/../../../../riscv-none-embed/lib/rv32imafcxw/ilp32f\libg_nano.a(lib_a-strcmp.o)
                              ./User/main.o (strcmp)
c:/mounriver/mounriver_studio2/resources/app/resources/win32/components/wch/toolchain/risc-v embedded gcc/bin/../lib/gcc/riscv-none-embed/8.2.0/../../../../riscv-none-embed/lib/rv32imafcxw/ilp32f\libg_nano.a(lib_a-strrchr.o)
                              ./User/main.o (strrchr)
c:/mounriver/mounriver_studio2/resources/app/resources/win32/components/wch/toolchain/risc-v embedded gcc/bin/../lib/gcc/riscv-none-embed/8.2.0/../../../../riscv-none-embed/lib/rv32imafcxw/ilp32f\libg_nano.a(lib_a-wbuf.o)
                              c:/mounriver/mounriver_studio2/resources/app/resources/win32/components/wch/toolchain/risc-v embedded gcc/bin/../lib/gcc/riscv-none-embed/8.2.0/../../../../riscv-none-embed/lib/rv32imafcxw/ilp32f\libg_nano.a(lib_a-puts.o) (__swbuf_r)
c:/mounriver/mounriver_studio2/resources/app/resources/win32/components/wch/toolchain/risc-v embedded gcc/bin/../lib/gcc/riscv-none-embed/8.2.0/../../../../riscv-none-embed/lib/rv32imafcxw/ilp32f\libg_nano.a(lib_a-wsetup.o)
                              c:/mounriver/mounriver_studio2/resources/app/resources/win32/components/wch/toolchain/risc-v embedded gcc/bin/../lib/gcc/riscv-none-embed/8.2.0/../../../../riscv-none-embed/lib/rv32imafcxw/ilp32f\libg_nano.a(lib_a-puts.o) (__swsetup_r)
c:/mounriver/mounriver_studio2/resources/app/resources/win32/components/wch/toolchain/risc-v embedded gcc/bin/../lib/gcc/riscv-none-embed/8.2.0/../../../../riscv-none-embed/lib/rv32imafcxw/ilp32f\libg_nano.a(lib_a-fflush.o)
                              c:/mounriver/mounriver_studio2/resources/app/resources/win32/components/wch/toolchain/risc-v embedded gcc/bin/../lib/gcc/riscv-none-embed/8.2.0/../../../../riscv-none-embed/lib/rv32imafcxw/ilp32f\libg_nano.a(lib_a-wbuf.o) (_fflush_r)
c:/mounriver/mounriver_studio2/resources/app/resources/win32/components/wch/toolchain/risc-v embedded gcc/bin/../lib/gcc/riscv-none-embed/8.2.0/../../../../riscv-none-embed/lib/rv32imafcxw/ilp32f\libg_nano.a(lib_a-findfp.o)
                              c:/mounriver/mounriver_studio2/resources/app/resources/win32/components/wch/toolchain/risc-v embedded gcc/bin/../lib/gcc/riscv-none-embed/8.2.0/../../../../riscv-none-embed/lib/rv32imafcxw/ilp32f\libg_nano.a(lib_a-printf.o) (__sinit)
c:/mounriver/mounriver_studio2/resources/app/resources/win32/components/wch/toolchain/risc-v embedded gcc/bin/../lib/gcc/riscv-none-embed/8.2.0/../../../../riscv-none-embed/lib/rv32imafcxw/ilp32f\libg_nano.a(lib_a-fwalk.o)
                              c:/mounriver/mounriver_studio2/resources/app/resources/win32/components/wch/toolchain/risc-v embedded gcc/bin/../lib/gcc/riscv-none-embed/8.2.0/../../../../riscv-none-embed/lib/rv32imafcxw/ilp32f\libg_nano.a(lib_a-findfp.o) (_fwalk)
c:/mounriver/mounriver_studio2/resources/app/resources/win32/components/wch/toolchain/risc-v embedded gcc/bin/../lib/gcc/riscv-none-embed/8.2.0/../../../../riscv-none-embed/lib/rv32imafcxw/ilp32f\libg_nano.a(lib_a-impure.o)
[...]
Memory Configuration

Name             Origin             Length             Attributes
FLASH            0x0000000000000000 0x0000000000020000 xr
RAM              0x0000000020000000 0x0000000000008000 xrw
*default*        0x0000000000000000 0xffffffffffffffff

Linker script and memory map

LOAD ./User/pff/mmcbbp.o
LOAD ./User/pff/pff.o
LOAD ./User/buffer_fifo.o
LOAD ./User/ch32v30x_it.o
LOAD ./User/main.o
LOAD ./User/system_ch32v30x.o
LOAD ./Startup/startup_ch32v30x_D8C.o
LOAD ./Peripheral/src/ch32v30x_adc.o
LOAD ./Peripheral/src/ch32v30x_bkp.o
LOAD ./Peripheral/src/ch32v30x_can.o
LOAD ./Peripheral/src/ch32v30x_crc.o
LOAD ./Peripheral/src/ch32v30x_dac.o
LOAD ./Peripheral/src/ch32v30x_dbgmcu.o
LOAD ./Peripheral/src/ch32v30x_dma.o
LOAD ./Peripheral/src/ch32v30x_dvp.o
LOAD ./Peripheral/src/ch32v30x_eth.o
LOAD ./Peripheral/src/ch32v30x_exti.o
LOAD ./Peripheral/src/ch32v30x_flash.o
LOAD ./Peripheral/src/ch32v30x_fsmc.o
LOAD ./Peripheral/src/ch32v30x_gpio.o
LOAD ./Peripheral/src/ch32v30x_i2c.o
LOAD ./Peripheral/src/ch32v30x_iwdg.o
LOAD ./Peripheral/src/ch32v30x_misc.o
LOAD ./Peripheral/src/ch32v30x_opa.o
LOAD ./Peripheral/src/ch32v30x_pwr.o
LOAD ./Peripheral/src/ch32v30x_rcc.o
LOAD ./Peripheral/src/ch32v30x_rng.o
LOAD ./Peripheral/src/ch32v30x_rtc.o
LOAD ./Peripheral/src/ch32v30x_sdio.o
LOAD ./Peripheral/src/ch32v30x_spi.o
LOAD ./Peripheral/src/ch32v30x_tim.o
LOAD ./Peripheral/src/ch32v30x_usart.o
LOAD ./Peripheral/src/ch32v30x_wwdg.o
LOAD ./Debug/debug.o
LOAD ./Core/core_riscv.o
LOAD c:/mounriver/mounriver_studio2/resources/app/resources/win32/components/wch/toolchain/risc-v embedded gcc/bin/../lib/gcc/riscv-none-embed/8.2.0/../../../../riscv-none-embed/lib/rv32imafcxw/ilp32f\libm.a
LOAD c:/mounriver/mounriver_studio2/resources/app/resources/win32/components/wch/toolchain/risc-v embedded gcc/bin/../lib/gcc/riscv-none-embed/8.2.0/rv32imafcxw/ilp32f\libgcc.a
LOAD c:/mounriver/mounriver_studio2/resources/app/resources/win32/components/wch/toolchain/risc-v embedded gcc/bin/../lib/gcc/riscv-none-embed/8.2.0/../../../../riscv-none-embed/lib/rv32imafcxw/ilp32f\libg_nano.a
LOAD c:/mounriver/mounriver_studio2/resources/app/resources/win32/components/wch/toolchain/risc-v embedded gcc/bin/../lib/gcc/riscv-none-embed/8.2.0/../../../../riscv-none-embed/lib/rv32imafcxw/ilp32f\libc_nano.a
LOAD c:/mounriver/mounriver_studio2/resources/app/resources/win32/components/wch/toolchain/risc-v embedded gcc/bin/../lib/gcc/riscv-none-embed/8.2.0/rv32imafcxw/ilp32f\libgcc.a
START GROUP
LOAD c:/mounriver/mounriver_studio2/resources/app/resources/win32/components/wch/toolchain/risc-v embedded gcc/bin/../lib/gcc/riscv-none-embed/8.2.0/rv32imafcxw/ilp32f\libgcc.a
LOAD c:/mounriver/mounriver_studio2/resources/app/resources/win32/components/wch/toolchain/risc-v embedded gcc/bin/../lib/gcc/riscv-none-embed/8.2.0/../../../../riscv-none-embed/lib/rv32imafcxw/ilp32f\libc_nano.a
LOAD c:/mounriver/mounriver_studio2/resources/app/resources/win32/components/wch/toolchain/risc-v embedded gcc/bin/../lib/gcc/riscv-none-embed/8.2.0/../../../../riscv-none-embed/lib/rv32imafcxw/ilp32f\libnosys.a
END GROUP
START GROUP
LOAD c:/mounriver/mounriver_studio2/resources/app/resources/win32/components/wch/toolchain/risc-v embedded gcc/bin/../lib/gcc/riscv-none-embed/8.2.0/rv32imafcxw/ilp32f\libgcc.a
LOAD c:/mounriver/mounriver_studio2/resources/app/resources/win32/components/wch/toolchain/risc-v embedded gcc/bin/../lib/gcc/riscv-none-embed/8.2.0/../../../../riscv-none-embed/lib/rv32imafcxw/ilp32f\libc_nano.a
LOAD c:/mounriver/mounriver_studio2/resources/app/resources/win32/components/wch/toolchain/risc-v embedded gcc/bin/../lib/gcc/riscv-none-embed/8.2.0/../../../../riscv-none-embed/lib/rv32imafcxw/ilp32f\libnosys.a
END GROUP
                0x0000000000000ffc                __stack_size = 0xffc
                [!provide]                        PROVIDE (_stack_size = __stack_size)

.init           0x0000000000000000        0x4
                0x0000000000000000                _sinit = .
                0x0000000000000000                . = ALIGN (0x4)
 *(SORT_NONE(.init))
 .init          0x0000000000000000        0x4 ./Startup/startup_ch32v30x_D8C.o
                0x0000000000000000                _start
                0x0000000000000004                . = ALIGN (0x4)
                0x0000000000000004                _einit = .

.vector         0x0000000000000004      0x1bc
 *(.vector)
 .vector        0x0000000000000004      0x1a0 ./Startup/startup_ch32v30x_D8C.o
                0x00000000000001c0                . = ALIGN (0x40)
 *fill*         0x00000000000001a4       0x1c 

.text           0x00000000000001c0     0x7594
                0x00000000000001c0                . = ALIGN (0x4)
 *(.text)
 .text          0x00000000000001c0       0x60 c:/mounriver/mounriver_studio2/resources/app/resources/win32/components/wch/toolchain/risc-v embedded gcc/bin/../lib/gcc/riscv-none-embed/8.2.0/rv32imafcxw/ilp32f\libgcc.a(save-restore.o)
                0x00000000000001c0                __riscv_save_12
                0x00000000000001c8                __riscv_save_9
                0x00000000000001c8                __riscv_save_11
                0x00000000000001c8                __riscv_save_10
                0x00000000000001c8                __riscv_save_8
                0x00000000000001d6                __riscv_save_4
                0x00000000000001d6                __riscv_save_6
                0x00000000000001d6                __riscv_save_5
                0x00000000000001d6                __riscv_save_7
                0x00000000000001f0                __riscv_save_3
                0x00000000000001f0                __riscv_save_2
                0x00000000000001f0                __riscv_save_1
                0x00000000000001f0                __riscv_save_0
                0x00000000000001fc                __riscv_restore_12
                0x0000000000000200                __riscv_restore_11
                0x0000000000000200                __riscv_restore_9
                0x0000000000000200                __riscv_restore_10
                0x0000000000000200                __riscv_restore_8
                0x000000000000020a                __riscv_restore_5
                0x000000000000020a                __riscv_restore_7
                0x000000000000020a                __riscv_restore_6
                0x000000000000020a                __riscv_restore_4
                0x0000000000000214                __riscv_restore_3
                0x0000000000000214                __riscv_restore_0
                0x0000000000000214                __riscv_restore_2
                0x0000000000000214                __riscv_restore_1
 .text          0x0000000000000220       0xa8 c:/mounriver/mounriver_studio2/resources/app/resources/win32/components/wch/toolchain/risc-v embedded gcc/bin/../lib/gcc/riscv-none-embed/8.2.0/../../../../riscv-none-embed/lib/rv32imafcxw/ilp32f\libg_nano.a(lib_a-memset.o)
                0x0000000000000220                memset
 .text          0x00000000000002c8      0x11a c:/mounriver/mounriver_studio2/resources/app/resources/win32/components/wch/toolchain/risc-v embedded gcc/bin/../lib/gcc/riscv-none-embed/8.2.0/../../../../riscv-none-embed/lib/rv32imafcxw/ilp32f\libg_nano.a(lib_a-strcmp.o)
                0x00000000000002c8                strcmp
 *(.text.*)
 .text.SPI1_ReadWriteByte
                0x00000000000003e2       0x42 ./User/pff/mmcbbp.o
 .text.skip_mmc
                0x0000000000000424       0x12 ./User/pff/mmcbbp.o
 .text.rcvr_mmc
                0x0000000000000436        0xc ./User/pff/mmcbbp.o
 .text.send_cmd
                0x0000000000000442       0x9c ./User/pff/mmcbbp.o
 .text.init_port
                0x00000000000004de       0xbc ./User/pff/mmcbbp.o
                0x00000000000004de                init_port
 .text.disk_initialize
                0x000000000000059a      0x102 ./User/pff/mmcbbp.o
                0x000000000000059a                disk_initialize
 .text.disk_readp
                0x000000000000069c       0x8c ./User/pff/mmcbbp.o
                0x000000000000069c                disk_readp
 .text.ld_dword
                0x0000000000000728       0x16 ./User/pff/pff.o
 .text.clust2sect
                0x000000000000073e       0x1e ./User/pff/pff.o
 .text.get_clust
                0x000000000000075c       0x26 ./User/pff/pff.o
 .text.dir_rewind
                0x0000000000000782       0x44 ./User/pff/pff.o
 .text.get_fat  0x00000000000007c6       0x6a ./User/pff/pff.o
 .text.dir_next
                0x0000000000000830       0x62 ./User/pff/pff.o
 .text.check_fs
                0x0000000000000892       0x80 ./User/pff/pff.o
 .text.follow_path
                0x0000000000000912      0x142 ./User/pff/pff.o
 .text.pf_mount
                0x0000000000000a54      0x11c ./User/pff/pff.o
                0x0000000000000a54                pf_mount
 .text.pf_open  0x0000000000000b70       0x4e ./User/pff/pff.o
                0x0000000000000b70                pf_open
 .text.pf_read  0x0000000000000bbe       0xb2 ./User/pff/pff.o
                0x0000000000000bbe                pf_read
 .text.pf_lseek
                0x0000000000000c70       0x9a ./User/pff/pff.o
                0x0000000000000c70                pf_lseek
 .text.pf_opendir
                0x0000000000000d0a       0x42 ./User/pff/pff.o
                0x0000000000000d0a                pf_opendir
 .text.pf_readdir
                0x0000000000000d4c      0x12e ./User/pff/pff.o
                0x0000000000000d4c                pf_readdir
 .text.Init_FIFO
                0x0000000000000e7a       0x1e ./User/buffer_fifo.o
                0x0000000000000e7a                Init_FIFO
 .text.n_sample_out_FIFO
                0x0000000000000e98       0x12 ./User/buffer_fifo.o
                0x0000000000000e98                n_sample_out_FIFO
 .text.put_sample_FIFO
                0x0000000000000eaa       0x42 ./User/buffer_fifo.o
                0x0000000000000eaa                put_sample_FIFO
 .text.get_sample_FIFO
                0x0000000000000eec       0x3e ./User/buffer_fifo.o
                0x0000000000000eec                get_sample_FIFO
 .text.NMI_Handler
                0x0000000000000f2a        0x2 ./User/ch32v30x_it.o
                0x0000000000000f2a                NMI_Handler
 .text.HardFault_Handler
                0x0000000000000f2c       0x10 ./User/ch32v30x_it.o
                0x0000000000000f2c                HardFault_Handler
 .text.get_bits
                0x0000000000000f3c       0x54 ./User/main.o
 .text.hdr_valid
                0x0000000000000f90       0x4e ./User/main.o
 .text.hdr_compare
                0x0000000000000fde       0x48 ./User/main.o
 .text.hdr_frame_samples
                0x0000000000001026       0x24 ./User/main.o
 .text.L3_ldexp_q2
                0x000000000000104a       0x3e ./User/main.o
 .text.L3_midside_stereo
                0x0000000000001088       0x28 ./User/main.o
 .text.L3_dct3_9
                0x00000000000010b0      0x104 ./User/main.o
 .text.L3_imdct36
                0x00000000000011b4      0x11a ./User/main.o
 .text.mp3d_scale_pcm
                0x00000000000012ce       0x44 ./User/main.o
 .text.mp3d_synth_pair
                0x0000000000001312      0x15a ./User/main.o
 .text.hdr_padding
                0x000000000000146c       0x1a ./User/main.o
 .text.L3_imdct12
                0x0000000000001486       0xd8 ./User/main.o
 .text.hdr_frame_bytes
                0x000000000000155e       0x90 ./User/main.o
 .text.mp3dec_decode_frame
                0x00000000000015ee     0x1ba6 ./User/main.o
                0x00000000000015ee                mp3dec_decode_frame
 .text.Dac_Init
                0x0000000000003194       0x68 ./User/main.o
                0x0000000000003194                Dac_Init
 .text.Dac_Dma_Init
                0x00000000000031fc       0x9a ./User/main.o
                0x00000000000031fc                Dac_Dma_Init
 .text.DMA2_Channel4_IRQHandler
                0x0000000000003296      0x15e ./User/main.o
                0x0000000000003296                DMA2_Channel4_IRQHandler
 .text.Timer4_Init
                0x00000000000033f4       0x5a ./User/main.o
                0x00000000000033f4                Timer4_Init
 .text.GPIO_Toggle_INIT
                0x000000000000344e       0x56 ./User/main.o
                0x000000000000344e                GPIO_Toggle_INIT
 .text.startup.main
                0x00000000000034a4      0x48e ./User/main.o
                0x00000000000034a4                main
 .text.SystemInit
                0x0000000000003932       0xb2 ./User/system_ch32v30x.o
                0x0000000000003932                SystemInit
 .text.SystemCoreClockUpdate
                0x00000000000039e4      0x12a ./User/system_ch32v30x.o
                0x00000000000039e4                SystemCoreClockUpdate
 .text.vector_handler
                0x0000000000003b0e        0x2 ./Startup/startup_ch32v30x_D8C.o
                0x0000000000003b0e                EXTI2_IRQHandler
                0x0000000000003b0e                TIM8_TRG_COM_IRQHandler
                0x0000000000003b0e                TIM8_CC_IRQHandler
                0x0000000000003b0e                UART8_IRQHandler
                0x0000000000003b0e                TIM1_CC_IRQHandler
                0x0000000000003b0e                TIM6_IRQHandler
                0x0000000000003b0e                SysTick_Handler
                0x0000000000003b0e                PVD_IRQHandler
                0x0000000000003b0e                SDIO_IRQHandler
                0x0000000000003b0e                TIM9_BRK_IRQHandler
                0x0000000000003b0e                DMA2_Channel8_IRQHandler
                0x0000000000003b0e                CAN2_RX1_IRQHandler
                0x0000000000003b0e                EXTI3_IRQHandler
                0x0000000000003b0e                USBHS_IRQHandler
                0x0000000000003b0e                DMA2_Channel9_IRQHandler
                0x0000000000003b0e                TIM10_CC_IRQHandler
                0x0000000000003b0e                USBFS_IRQHandler
                0x0000000000003b0e                EXTI0_IRQHandler
                0x0000000000003b0e                I2C2_EV_IRQHandler
                0x0000000000003b0e                TIM10_TRG_COM_IRQHandler
                0x0000000000003b0e                CAN2_SCE_IRQHandler
                0x0000000000003b0e                ADC1_2_IRQHandler
                0x0000000000003b0e                Break_Point_Handler
                0x0000000000003b0e                SPI1_IRQHandler
                0x0000000000003b0e                TAMPER_IRQHandler
                0x0000000000003b0e                CAN2_RX0_IRQHandler
                0x0000000000003b0e                TIM8_UP_IRQHandler
                0x0000000000003b0e                Ecall_M_Mode_Handler
                0x0000000000003b0e                DMA2_Channel2_IRQHandler
                0x0000000000003b0e                DMA1_Channel4_IRQHandler
                0x0000000000003b0e                TIM9_UP_IRQHandler
                0x0000000000003b0e                USART3_IRQHandler
                0x0000000000003b0e                RTC_IRQHandler
                0x0000000000003b0e                DMA1_Channel7_IRQHandler
                0x0000000000003b0e                CAN1_RX1_IRQHandler
                0x0000000000003b0e                DVP_IRQHandler
                0x0000000000003b0e                UART5_IRQHandler
                0x0000000000003b0e                TIM4_IRQHandler
                0x0000000000003b0e                DMA2_Channel1_IRQHandler
                0x0000000000003b0e                I2C1_EV_IRQHandler
                0x0000000000003b0e                DMA1_Channel6_IRQHandler
                0x0000000000003b0e                UART4_IRQHandler
                0x0000000000003b0e                TIM3_IRQHandler
                0x0000000000003b0e                RCC_IRQHandler
                0x0000000000003b0e                TIM1_TRG_COM_IRQHandler
                0x0000000000003b0e                DMA1_Channel1_IRQHandler
                0x0000000000003b0e                DMA2_Channel7_IRQHandler
                0x0000000000003b0e                EXTI15_10_IRQHandler
                0x0000000000003b0e                TIM7_IRQHandler
                0x0000000000003b0e                CAN2_TX_IRQHandler
                0x0000000000003b0e                TIM5_IRQHandler
                0x0000000000003b0e                EXTI9_5_IRQHandler
                0x0000000000003b0e                ETH_WKUP_IRQHandler
                0x0000000000003b0e                SPI2_IRQHandler
                0x0000000000003b0e                TIM10_BRK_IRQHandler
                0x0000000000003b0e                TIM9_CC_IRQHandler
                0x0000000000003b0e                DMA2_Channel5_IRQHandler
                0x0000000000003b0e                DMA1_Channel5_IRQHandler
                0x0000000000003b0e                EXTI4_IRQHandler
                0x0000000000003b0e                USB_LP_CAN1_RX0_IRQHandler
                0x0000000000003b0e                RNG_IRQHandler
                0x0000000000003b0e                USB_HP_CAN1_TX_IRQHandler
                0x0000000000003b0e                DMA1_Channel3_IRQHandler
                0x0000000000003b0e                ETH_IRQHandler
                0x0000000000003b0e                TIM1_UP_IRQHandler
                0x0000000000003b0e                WWDG_IRQHandler
                0x0000000000003b0e                USBHSWakeup_IRQHandler
                0x0000000000003b0e                DMA2_Channel11_IRQHandler
                0x0000000000003b0e                Ecall_U_Mode_Handler
                0x0000000000003b0e                DMA2_Channel6_IRQHandler
                0x0000000000003b0e                TIM2_IRQHandler
                0x0000000000003b0e                SW_Handler
                0x0000000000003b0e                TIM1_BRK_IRQHandler
                0x0000000000003b0e                DMA2_Channel10_IRQHandler
                0x0000000000003b0e                EXTI1_IRQHandler
                0x0000000000003b0e                RTCAlarm_IRQHandler
                0x0000000000003b0e                TIM10_UP_IRQHandler
                0x0000000000003b0e                TIM9_TRG_COM_IRQHandler
                0x0000000000003b0e                UART7_IRQHandler
                0x0000000000003b0e                USART2_IRQHandler
                0x0000000000003b0e                UART6_IRQHandler
                0x0000000000003b0e                I2C2_ER_IRQHandler
                0x0000000000003b0e                DMA1_Channel2_IRQHandler
                0x0000000000003b0e                TIM8_BRK_IRQHandler
                0x0000000000003b0e                CAN1_SCE_IRQHandler
                0x0000000000003b0e                FLASH_IRQHandler
                0x0000000000003b0e                USART1_IRQHandler
                0x0000000000003b0e                SPI3_IRQHandler
                0x0000000000003b0e                I2C1_ER_IRQHandler
                0x0000000000003b0e                USBWakeUp_IRQHandler
                0x0000000000003b0e                DMA2_Channel3_IRQHandler
 .text.handle_reset
                0x0000000000003b10       0x8e ./Startup/startup_ch32v30x_D8C.o
                0x0000000000003b10                handle_reset
 .text.DAC_Init
                0x0000000000003b9e       0x30 ./Peripheral/src/ch32v30x_dac.o
                0x0000000000003b9e                DAC_Init
 .text.DAC_Cmd  0x0000000000003bce       0x2c ./Peripheral/src/ch32v30x_dac.o
                0x0000000000003bce                DAC_Cmd
 .text.DAC_DMACmd
                0x0000000000003bfa       0x2c ./Peripheral/src/ch32v30x_dac.o
                0x0000000000003bfa                DAC_DMACmd
 .text.DBGMCU_GetCHIPID
                0x0000000000003c26        0xa ./Peripheral/src/ch32v30x_dbgmcu.o
                0x0000000000003c26                DBGMCU_GetCHIPID
 .text.DMA_Init
                0x0000000000003c30       0x38 ./Peripheral/src/ch32v30x_dma.o
                0x0000000000003c30                DMA_Init
 .text.DMA_StructInit
                0x0000000000003c68       0x2e ./Peripheral/src/ch32v30x_dma.o
                0x0000000000003c68                DMA_StructInit
 .text.DMA_Cmd  0x0000000000003c96       0x14 ./Peripheral/src/ch32v30x_dma.o
                0x0000000000003c96                DMA_Cmd
 .text.DMA_ITConfig
                0x0000000000003caa       0x12 ./Peripheral/src/ch32v30x_dma.o
                0x0000000000003caa                DMA_ITConfig
 .text.DMA_GetFlagStatus
                0x0000000000003cbc       0x32 ./Peripheral/src/ch32v30x_dma.o
                0x0000000000003cbc                DMA_GetFlagStatus
 .text.DMA_ClearFlag
                0x0000000000003cee       0x2c ./Peripheral/src/ch32v30x_dma.o
                0x0000000000003cee                DMA_ClearFlag
 .text.DMA_GetITStatus
                0x0000000000003d1a        0xa ./Peripheral/src/ch32v30x_dma.o
                0x0000000000003d1a                DMA_GetITStatus
 .text.DMA_ClearITPendingBit
                0x0000000000003d24        0xa ./Peripheral/src/ch32v30x_dma.o
                0x0000000000003d24                DMA_ClearITPendingBit
 .text.GPIO_Init
                0x0000000000003d2e       0xc0 ./Peripheral/src/ch32v30x_gpio.o
                0x0000000000003d2e                GPIO_Init
 .text.GPIO_ReadInputDataBit
                0x0000000000003dee        0xa ./Peripheral/src/ch32v30x_gpio.o
                0x0000000000003dee                GPIO_ReadInputDataBit
 .text.GPIO_WriteBit
                0x0000000000003df8        0xa ./Peripheral/src/ch32v30x_gpio.o
                0x0000000000003df8                GPIO_WriteBit
 .text.NVIC_PriorityGroupConfig
                0x0000000000003e02        0x6 ./Peripheral/src/ch32v30x_misc.o
                0x0000000000003e02                NVIC_PriorityGroupConfig
 .text.RCC_GetClocksFreq
                0x0000000000003e08      0x176 ./Peripheral/src/ch32v30x_rcc.o
                0x0000000000003e08                RCC_GetClocksFreq
 .text.RCC_AHBPeriphClockCmd
                0x0000000000003f7e       0x1e ./Peripheral/src/ch32v30x_rcc.o
                0x0000000000003f7e                RCC_AHBPeriphClockCmd
 .text.RCC_APB2PeriphClockCmd
                0x0000000000003f9c       0x1e ./Peripheral/src/ch32v30x_rcc.o
                0x0000000000003f9c                RCC_APB2PeriphClockCmd
 .text.RCC_APB1PeriphClockCmd
                0x0000000000003fba       0x1e ./Peripheral/src/ch32v30x_rcc.o
                0x0000000000003fba                RCC_APB1PeriphClockCmd
 .text.SPI_Init
                0x0000000000003fd8       0x3e ./Peripheral/src/ch32v30x_spi.o
                0x0000000000003fd8                SPI_Init
 .text.SPI_Cmd  0x0000000000004016       0x1a ./Peripheral/src/ch32v30x_spi.o
                0x0000000000004016                SPI_Cmd
 .text.SPI_I2S_SendData
                0x0000000000004030        0x4 ./Peripheral/src/ch32v30x_spi.o
                0x0000000000004030                SPI_I2S_SendData
 .text.SPI_I2S_ReceiveData
                0x0000000000004034        0x4 ./Peripheral/src/ch32v30x_spi.o
                0x0000000000004034                SPI_I2S_ReceiveData
 .text.SPI_I2S_GetFlagStatus
                0x0000000000004038        0xa ./Peripheral/src/ch32v30x_spi.o
                0x0000000000004038                SPI_I2S_GetFlagStatus
 .text.TIM_TimeBaseInit
                0x0000000000004042       0xee ./Peripheral/src/ch32v30x_tim.o
                0x0000000000004042                TIM_TimeBaseInit
 .text.TIM_TimeBaseStructInit
                0x0000000000004130       0x16 ./Peripheral/src/ch32v30x_tim.o
                0x0000000000004130                TIM_TimeBaseStructInit
 .text.TIM_Cmd  0x0000000000004146       0x18 ./Peripheral/src/ch32v30x_tim.o
                0x0000000000004146                TIM_Cmd
 .text.TIM_SelectOutputTrigger
                0x000000000000415e       0x18 ./Peripheral/src/ch32v30x_tim.o
                0x000000000000415e                TIM_SelectOutputTrigger
 .text.USART_Init
                0x0000000000004176       0x90 ./Peripheral/src/ch32v30x_usart.o
                0x0000000000004176                USART_Init
 .text.USART_Cmd
                0x0000000000004206       0x16 ./Peripheral/src/ch32v30x_usart.o
                0x0000000000004206                USART_Cmd
 .text.USART_SendData
                0x000000000000421c        0x8 ./Peripheral/src/ch32v30x_usart.o
                0x000000000000421c                USART_SendData
 .text.USART_GetFlagStatus
                0x0000000000004224        0xa ./Peripheral/src/ch32v30x_usart.o
                0x0000000000004224                USART_GetFlagStatus
 .text.Delay_Init
                0x000000000000422e       0x26 ./Debug/debug.o
                0x000000000000422e                Delay_Init
 .text.Delay_Us
                0x0000000000004254       0x36 ./Debug/debug.o
                0x0000000000004254                Delay_Us
 .text.Delay_Ms
                0x000000000000428a       0x36 ./Debug/debug.o
                0x000000000000428a                Delay_Ms
 .text.USART_Printf_Init
                0x00000000000042c0       0x60 ./Debug/debug.o
                0x00000000000042c0                USART_Printf_Init
 .text._write   0x0000000000004320       0x3a ./Debug/debug.o
                0x0000000000004320                _write
 .text._sbrk    0x000000000000435a       0x2a ./Debug/debug.o
                0x000000000000435a                _sbrk
 .text.memcpy   0x0000000000004384       0xb2 c:/mounriver/mounriver_studio2/resources/app/resources/win32/components/wch/toolchain/risc-v embedded gcc/bin/../lib/gcc/riscv-none-embed/8.2.0/../../../../riscv-none-embed/lib/rv32imafcxw/ilp32f\libg_nano.a(lib_a-memcpy.o)
                0x0000000000004384                memcpy
 .text.memmove  0x0000000000004436       0x46 c:/mounriver/mounriver_studio2/resources/app/resources/win32/components/wch/toolchain/risc-v embedded gcc/bin/../lib/gcc/riscv-none-embed/8.2.0/../../../../riscv-none-embed/lib/rv32imafcxw/ilp32f\libg_nano.a(lib_a-memmove.o)
                0x0000000000004436                memmove
 .text.printf   0x000000000000447c       0x40 c:/mounriver/mounriver_studio2/resources/app/resources/win32/components/wch/toolchain/risc-v embedded gcc/bin/../lib/gcc/riscv-none-embed/8.2.0/../../../../riscv-none-embed/lib/rv32imafcxw/ilp32f\libg_nano.a(lib_a-printf.o)
                0x000000000000447c                iprintf
                0x000000000000447c                printf
 .text._puts_r  0x00000000000044bc       0xd4 c:/mounriver/mounriver_studio2/resources/app/resources/win32/components/wch/toolchain/risc-v embedded gcc/bin/../lib/gcc/riscv-none-embed/8.2.0/../../../../riscv-none-embed/lib/rv32imafcxw/ilp32f\libg_nano.a(lib_a-puts.o)
                0x00000000000044bc                _puts_r
 .text.puts     0x0000000000004590        0xa c:/mounriver/mounriver_studio2/resources/app/resources/win32/components/wch/toolchain/risc-v embedded gcc/bin/../lib/gcc/riscv-none-embed/8.2.0/../../../../riscv-none-embed/lib/rv32imafcxw/ilp32f\libg_nano.a(lib_a-puts.o)
                0x0000000000004590                puts
 .text.strrchr  0x000000000000459a       0x32 c:/mounriver/mounriver_studio2/resources/app/resources/win32/components/wch/toolchain/risc-v embedded gcc/bin/../lib/gcc/riscv-none-embed/8.2.0/../../../../riscv-none-embed/lib/rv32imafcxw/ilp32f\libg_nano.a(lib_a-strrchr.o)
                0x000000000000459a                strrchr
 .text.__swbuf_r
                0x00000000000045cc       0xbc c:/mounriver/mounriver_studio2/resources/app/resources/win32/components/wch/toolchain/risc-v embedded gcc/bin/../lib/gcc/riscv-none-embed/8.2.0/../../../../riscv-none-embed/lib/rv32imafcxw/ilp32f\libg_nano.a(lib_a-wbuf.o)
                0x00000000000045cc                __swbuf_r
 .text.__swsetup_r
                0x0000000000004688       0xfc c:/mounriver/mounriver_studio2/resources/app/resources/win32/components/wch/toolchain/risc-v embedded gcc/bin/../lib/gcc/riscv-none-embed/8.2.0/../../../../riscv-none-embed/lib/rv32imafcxw/ilp32f\libg_nano.a(lib_a-wsetup.o)
                0x0000000000004688                __swsetup_r
 .text.__sflush_r
                0x0000000000004784      0x130 c:/mounriver/mounriver_studio2/resources/app/resources/win32/components/wch/toolchain/risc-v embedded gcc/bin/../lib/gcc/riscv-none-embed/8.2.0/../../../../riscv-none-embed/lib/rv32imafcxw/ilp32f\libg_nano.a(lib_a-fflush.o)
                0x0000000000004784                __sflush_r
 .text._fflush_r
                0x00000000000048b4       0x66 c:/mounriver/mounriver_studio2/resources/app/resources/win32/components/wch/toolchain/risc-v embedded gcc/bin/../lib/gcc/riscv-none-embed/8.2.0/../../../../riscv-none-embed/lib/rv32imafcxw/ilp32f\libg_nano.a(lib_a-fflush.o)
                0x00000000000048b4                _fflush_r
 .text.std      0x000000000000491a       0x66 c:/mounriver/mounriver_studio2/resources/app/resources/win32/components/wch/toolchain/risc-v embedded gcc/bin/../lib/gcc/riscv-none-embed/8.2.0/../../../../riscv-none-embed/lib/rv32imafcxw/ilp32f\libg_nano.a(lib_a-findfp.o)
 .text._cleanup_r
                0x0000000000004980        0xa c:/mounriver/mounriver_studio2/resources/app/resources/win32/components/wch/toolchain/risc-v embedded gcc/bin/../lib/gcc/riscv-none-embed/8.2.0/../../../../riscv-none-embed/lib/rv32imafcxw/ilp32f\libg_nano.a(lib_a-findfp.o)
                0x0000000000004980                _cleanup_r
 .text.__sfmoreglue
                0x000000000000498a       0x46 c:/mounriver/mounriver_studio2/resources/app/resources/win32/components/wch/toolchain/risc-v embedded gcc/bin/../lib/gcc/riscv-none-embed/8.2.0/../../../../riscv-none-embed/lib/rv32imafcxw/ilp32f\libg_nano.a(lib_a-findfp.o)
                0x000000000000498a                __sfmoreglue
 .text.__sinit  0x00000000000049d0       0x6c c:/mounriver/mounriver_studio2/resources/app/resources/win32/components/wch/toolchain/risc-v embedded gcc/bin/../lib/gcc/riscv-none-embed/8.2.0/../../../../riscv-none-embed/lib/rv32imafcxw/ilp32f\libg_nano.a(lib_a-findfp.o)
                0x00000000000049d0                __sinit
 .text.__sfp    0x0000000000004a3c       0x9e c:/mounriver/mounriver_studio2/resources/app/resources/win32/components/wch/toolchain/risc-v embedded gcc/bin/../lib/gcc/riscv-none-embed/8.2.0/../../../../riscv-none-embed/lib/rv32imafcxw/ilp32f\libg_nano.a(lib_a-findfp.o)
                0x0000000000004a3c                __sfp
 .text._fwalk_reent
                0x0000000000004ada       0x6a c:/mounriver/mounriver_studio2/resources/app/resources/win32/components/wch/toolchain/risc-v embedded gcc/bin/../lib/gcc/riscv-none-embed/8.2.0/../../../../riscv-none-embed/lib/rv32imafcxw/ilp32f\libg_nano.a(lib_a-fwalk.o)
                0x0000000000004ada                _fwalk_reent
 .text.__swhatbuf_r
                0x0000000000004b44       0x58 c:/mounriver/mounriver_studio2/resources/app/resources/win32/components/wch/toolchain/risc-v embedded gcc/bin/../lib/gcc/riscv-none-embed/8.2.0/../../../../riscv-none-embed/lib/rv32imafcxw/ilp32f\libg_nano.a(lib_a-makebuf.o)
                0x0000000000004b44                __swhatbuf_r
 .text.__smakebuf_r
                0x0000000000004b9c       0x92 c:/mounriver/mounriver_studio2/resources/app/resources/win32/components/wch/toolchain/risc-v embedded gcc/bin/../lib/gcc/riscv-none-embed/8.2.0/../../../../riscv-none-embed/lib/rv32imafcxw/ilp32f\libg_nano.a(lib_a-makebuf.o)
                0x0000000000004b9c                __smakebuf_r
 .text._free_r  0x0000000000004c2e       0xa8 c:/mounriver/mounriver_studio2/resources/app/resources/win32/components/wch/toolchain/risc-v embedded gcc/bin/../lib/gcc/riscv-none-embed/8.2.0/../../../../riscv-none-embed/lib/rv32imafcxw/ilp32f\libg_nano.a(lib_a-nano-freer.o)
                0x0000000000004c2e                _free_r
 .text._malloc_r
                0x0000000000004cd6       0xd4 c:/mounriver/mounriver_studio2/resources/app/resources/win32/components/wch/toolchain/risc-v embedded gcc/bin/../lib/gcc/riscv-none-embed/8.2.0/../../../../riscv-none-embed/lib/rv32imafcxw/ilp32f\libg_nano.a(lib_a-nano-mallocr.o)
                0x0000000000004cd6                _malloc_r
 .text.__sfputc_r
                0x0000000000004daa       0x28 c:/mounriver/mounriver_studio2/resources/app/resources/win32/components/wch/toolchain/risc-v embedded gcc/bin/../lib/gcc/riscv-none-embed/8.2.0/../../../../riscv-none-embed/lib/rv32imafcxw/ilp32f\libg_nano.a(lib_a-nano-vfprintf.o)
 .text.__sfputs_r
                0x0000000000004dd2       0x42 c:/mounriver/mounriver_studio2/resources/app/resources/win32/components/wch/toolchain/risc-v embedded gcc/bin/../lib/gcc/riscv-none-embed/8.2.0/../../../../riscv-none-embed/lib/rv32imafcxw/ilp32f\libg_nano.a(lib_a-nano-vfprintf.o)
                0x0000000000004dd2                __sfputs_r
 .text._vfprintf_r
                0x0000000000004e14      0x288 c:/mounriver/mounriver_studio2/resources/app/resources/win32/components/wch/toolchain/risc-v embedded gcc/bin/../lib/gcc/riscv-none-embed/8.2.0/../../../../riscv-none-embed/lib/rv32imafcxw/ilp32f\libg_nano.a(lib_a-nano-vfprintf.o)
                0x0000000000004e14                _vfprintf_r
                0x0000000000004e14                _vfiprintf_r
 .text._printf_common
                0x000000000000509c      0x10c c:/mounriver/mounriver_studio2/resources/app/resources/win32/components/wch/toolchain/risc-v embedded gcc/bin/../lib/gcc/riscv-none-embed/8.2.0/../../../../riscv-none-embed/lib/rv32imafcxw/ilp32f\libg_nano.a(lib_a-nano-vfprintf_i.o)
                0x000000000000509c                _printf_common
 .text._printf_i
                0x00000000000051a8      0x2a2 c:/mounriver/mounriver_studio2/resources/app/resources/win32/components/wch/toolchain/risc-v embedded gcc/bin/../lib/gcc/riscv-none-embed/8.2.0/../../../../riscv-none-embed/lib/rv32imafcxw/ilp32f\libg_nano.a(lib_a-nano-vfprintf_i.o)
                0x00000000000051a8                _printf_i
 .text._sbrk_r  0x000000000000544a       0x32 c:/mounriver/mounriver_studio2/resources/app/resources/win32/components/wch/toolchain/risc-v embedded gcc/bin/../lib/gcc/riscv-none-embed/8.2.0/../../../../riscv-none-embed/lib/rv32imafcxw/ilp32f\libg_nano.a(lib_a-sbrkr.o)
                0x000000000000544a                _sbrk_r
 .text.__sread  0x000000000000547c       0x2c c:/mounriver/mounriver_studio2/resources/app/resources/win32/components/wch/toolchain/risc-v embedded gcc/bin/../lib/gcc/riscv-none-embed/8.2.0/../../../../riscv-none-embed/lib/rv32imafcxw/ilp32f\libg_nano.a(lib_a-stdio.o)
                0x000000000000547c                __sread
 .text.__swrite
                0x00000000000054a8       0x48 c:/mounriver/mounriver_studio2/resources/app/resources/win32/components/wch/toolchain/risc-v embedded gcc/bin/../lib/gcc/riscv-none-embed/8.2.0/../../../../riscv-none-embed/lib/rv32imafcxw/ilp32f\libg_nano.a(lib_a-stdio.o)
                0x00000000000054a8                __swrite
 .text.__sseek  0x00000000000054f0       0x30 c:/mounriver/mounriver_studio2/resources/app/resources/win32/components/wch/toolchain/risc-v embedded gcc/bin/../lib/gcc/riscv-none-embed/8.2.0/../../../../riscv-none-embed/lib/rv32imafcxw/ilp32f\libg_nano.a(lib_a-stdio.o)
                0x00000000000054f0                __sseek
 .text.__sclose
                0x0000000000005520        0x6 c:/mounriver/mounriver_studio2/resources/app/resources/win32/components/wch/toolchain/risc-v embedded gcc/bin/../lib/gcc/riscv-none-embed/8.2.0/../../../../riscv-none-embed/lib/rv32imafcxw/ilp32f\libg_nano.a(lib_a-stdio.o)
                0x0000000000005520                __sclose
 .text.strchr   0x0000000000005526       0x18 c:/mounriver/mounriver_studio2/resources/app/resources/win32/components/wch/toolchain/risc-v embedded gcc/bin/../lib/gcc/riscv-none-embed/8.2.0/../../../../riscv-none-embed/lib/rv32imafcxw/ilp32f\libg_nano.a(lib_a-strchr.o)
                0x0000000000005526                strchr
 .text._write_r
                0x000000000000553e       0x36 c:/mounriver/mounriver_studio2/resources/app/resources/win32/components/wch/toolchain/risc-v embedded gcc/bin/../lib/gcc/riscv-none-embed/8.2.0/../../../../riscv-none-embed/lib/rv32imafcxw/ilp32f\libg_nano.a(lib_a-writer.o)
                0x000000000000553e                _write_r
 .text._close_r
                0x0000000000005574       0x30 c:/mounriver/mounriver_studio2/resources/app/resources/win32/components/wch/toolchain/risc-v embedded gcc/bin/../lib/gcc/riscv-none-embed/8.2.0/../../../../riscv-none-embed/lib/rv32imafcxw/ilp32f\libg_nano.a(lib_a-closer.o)
                0x0000000000005574                _close_r
 .text._fstat_r
                0x00000000000055a4       0x32 c:/mounriver/mounriver_studio2/resources/app/resources/win32/components/wch/toolchain/risc-v embedded gcc/bin/../lib/gcc/riscv-none-embed/8.2.0/../../../../riscv-none-embed/lib/rv32imafcxw/ilp32f\libg_nano.a(lib_a-fstatr.o)
                0x00000000000055a4                _fstat_r
 .text._isatty_r
                0x00000000000055d6       0x30 c:/mounriver/mounriver_studio2/resources/app/resources/win32/components/wch/toolchain/risc-v embedded gcc/bin/../lib/gcc/riscv-none-embed/8.2.0/../../../../riscv-none-embed/lib/rv32imafcxw/ilp32f\libg_nano.a(lib_a-isattyr.o)
                0x00000000000055d6                _isatty_r
 .text._lseek_r
                0x0000000000005606       0x34 c:/mounriver/mounriver_studio2/resources/app/resources/win32/components/wch/toolchain/risc-v embedded gcc/bin/../lib/gcc/riscv-none-embed/8.2.0/../../../../riscv-none-embed/lib/rv32imafcxw/ilp32f\libg_nano.a(lib_a-lseekr.o)
                0x0000000000005606                _lseek_r
 .text.memchr   0x000000000000563a       0x18 c:/mounriver/mounriver_studio2/resources/app/resources/win32/components/wch/toolchain/risc-v embedded gcc/bin/../lib/gcc/riscv-none-embed/8.2.0/../../../../riscv-none-embed/lib/rv32imafcxw/ilp32f\libg_nano.a(lib_a-memchr.o)
                0x000000000000563a                memchr
 .text.__malloc_lock
                0x0000000000005652        0x2 c:/mounriver/mounriver_studio2/resources/app/resources/win32/components/wch/toolchain/risc-v embedded gcc/bin/../lib/gcc/riscv-none-embed/8.2.0/../../../../riscv-none-embed/lib/rv32imafcxw/ilp32f\libg_nano.a(lib_a-mlock.o)
                0x0000000000005652                __malloc_lock
 .text.__malloc_unlock
                0x0000000000005654        0x2 c:/mounriver/mounriver_studio2/resources/app/resources/win32/components/wch/toolchain/risc-v embedded gcc/bin/../lib/gcc/riscv-none-embed/8.2.0/../../../../riscv-none-embed/lib/rv32imafcxw/ilp32f\libg_nano.a(lib_a-mlock.o)
                0x0000000000005654                __malloc_unlock
 .text._read_r  0x0000000000005656       0x34 c:/mounriver/mounriver_studio2/resources/app/resources/win32/components/wch/toolchain/risc-v embedded gcc/bin/../lib/gcc/riscv-none-embed/8.2.0/../../../../riscv-none-embed/lib/rv32imafcxw/ilp32f\libg_nano.a(lib_a-readr.o)
                0x0000000000005656                _read_r
 .text._close   0x000000000000568a       0x10 c:/mounriver/mounriver_studio2/resources/app/resources/win32/components/wch/toolchain/risc-v embedded gcc/bin/../lib/gcc/riscv-none-embed/8.2.0/../../../../riscv-none-embed/lib/rv32imafcxw/ilp32f\libnosys.a(close.o)
                0x000000000000568a                _close
 .text._fstat   0x000000000000569a       0x10 c:/mounriver/mounriver_studio2/resources/app/resources/win32/components/wch/toolchain/risc-v embedded gcc/bin/../lib/gcc/riscv-none-embed/8.2.0/../../../../riscv-none-embed/lib/rv32imafcxw/ilp32f\libnosys.a(fstat.o)
                0x000000000000569a                _fstat
 .text._isatty  0x00000000000056aa       0x10 c:/mounriver/mounriver_studio2/resources/app/resources/win32/components/wch/toolchain/risc-v embedded gcc/bin/../lib/gcc/riscv-none-embed/8.2.0/../../../../riscv-none-embed/lib/rv32imafcxw/ilp32f\libnosys.a(isatty.o)
                0x00000000000056aa                _isatty
 .text._lseek   0x00000000000056ba       0x10 c:/mounriver/mounriver_studio2/resources/app/resources/win32/components/wch/toolchain/risc-v embedded gcc/bin/../lib/gcc/riscv-none-embed/8.2.0/../../../../riscv-none-embed/lib/rv32imafcxw/ilp32f\libnosys.a(lseek.o)
                0x00000000000056ba                _lseek
 .text._read    0x00000000000056ca       0x10 c:/mounriver/mounriver_studio2/resources/app/resources/win32/components/wch/toolchain/risc-v embedded gcc/bin/../lib/gcc/riscv-none-embed/8.2.0/../../../../riscv-none-embed/lib/rv32imafcxw/ilp32f\libnosys.a(read.o)
                0x00000000000056ca                _read
 *(.rodata)
 *(.rodata*)
 *fill*         0x00000000000056da        0x2 
 .rodata.cvt.1731
                0x00000000000056dc       0x80 ./User/pff/pff.o
 .rodata.L3_dct3_9.cst4
                0x000000000000575c       0x20 ./User/main.o
 .rodata.g_aa.6667
                0x000000000000577c       0x40 ./User/main.o
 .rodata.g_expfrac.6455
                0x00000000000057bc       0x10 ./User/main.o
 .rodata.g_hz.6403
                0x00000000000057cc        0xc ./User/main.o
 .rodata.g_linbits.6518
                0x00000000000057d8       0x20 ./User/main.o
 .rodata.g_mdct_window.6762
                0x00000000000057f8       0x90 ./User/main.o
 .rodata.g_mod.6478
                0x0000000000005888       0x18 ./User/main.o
 .rodata.g_pan.6622
                0x00000000000058a0       0x38 ./User/main.o
 .rodata.g_pow43
                0x00000000000058d8      0x244 ./User/main.o
 .rodata.g_preamp.6493
                0x0000000000005b1c        0xa ./User/main.o
 *fill*         0x0000000000005b26        0x2 
 .rodata.g_scf_long.6420
                0x0000000000005b28       0xb8 ./User/main.o
 .rodata.g_scf_mixed.6422
                0x0000000000005be0      0x140 ./User/main.o
 .rodata.g_scf_partitions.6467
                0x0000000000005d20       0x54 ./User/main.o
 .rodata.g_scf_short.6421
                0x0000000000005d74      0x140 ./User/main.o
 .rodata.g_scfc_decode.6476
                0x0000000000005eb4       0x10 ./User/main.o
 .rodata.g_sec.6797
                0x0000000000005ec4       0x60 ./User/main.o
 .rodata.g_twid3.6727
                0x0000000000005f24       0x18 ./User/main.o
 .rodata.g_twid9.6700
                0x0000000000005f3c       0x48 ./User/main.o
 .rodata.g_win.6851
                0x0000000000005f84      0x3c0 ./User/main.o
 .rodata.halfrate.6399
                0x0000000000006344       0x5a ./User/main.o
 *fill*         0x000000000000639e        0x2 
 .rodata.main.str1.4
                0x00000000000063a0      0x140 ./User/main.o
 .rodata.mp3d_scale_pcm.cst4
                0x00000000000064e0        0x8 ./User/main.o
 .rodata.mp3d_synth_pair.cst4
                0x00000000000064e8       0x40 ./User/main.o
 .rodata.mp3dec_decode_frame.cst4
                0x0000000000006528       0x3c ./User/main.o
 .rodata.tab32.6515
                0x0000000000006564       0x1c ./User/main.o
 .rodata.tab33.6516
                0x0000000000006580       0x10 ./User/main.o
 .rodata.tabindex.6517
                0x0000000000006590       0x40 ./User/main.o
 .rodata.tabs.6514
                0x00000000000065d0     0x10e8 ./User/main.o
 .rodata.__sf_fake_stderr
                0x00000000000076b8       0x20 c:/mounriver/mounriver_studio2/resources/app/resources/win32/components/wch/toolchain/risc-v embedded gcc/bin/../lib/gcc/riscv-none-embed/8.2.0/../../../../riscv-none-embed/lib/rv32imafcxw/ilp32f\libg_nano.a(lib_a-findfp.o)
                0x00000000000076b8                __sf_fake_stderr
 .rodata.__sf_fake_stdin
                0x00000000000076d8       0x20 c:/mounriver/mounriver_studio2/resources/app/resources/win32/components/wch/toolchain/risc-v embedded gcc/bin/../lib/gcc/riscv-none-embed/8.2.0/../../../../riscv-none-embed/lib/rv32imafcxw/ilp32f\libg_nano.a(lib_a-findfp.o)
                0x00000000000076d8                __sf_fake_stdin
 .rodata.__sf_fake_stdout
                0x00000000000076f8       0x20 c:/mounriver/mounriver_studio2/resources/app/resources/win32/components/wch/toolchain/risc-v embedded gcc/bin/../lib/gcc/riscv-none-embed/8.2.0/../../../../riscv-none-embed/lib/rv32imafcxw/ilp32f\libg_nano.a(lib_a-findfp.o)
                0x00000000000076f8                __sf_fake_stdout
 .rodata._vfprintf_r.str1.4
                0x0000000000007718       0x13 c:/mounriver/mounriver_studio2/resources/app/resources/win32/components/wch/toolchain/risc-v embedded gcc/bin/../lib/gcc/riscv-none-embed/8.2.0/../../../../riscv-none-embed/lib/rv32imafcxw/ilp32f\libg_nano.a(lib_a-nano-vfprintf.o)
 *fill*         0x000000000000772b        0x1 
 .rodata._printf_i.str1.4
                0x000000000000772c       0x28 c:/mounriver/mounriver_studio2/resources/app/resources/win32/components/wch/toolchain/risc-v embedded gcc/bin/../lib/gcc/riscv-none-embed/8.2.0/../../../../riscv-none-embed/lib/rv32imafcxw/ilp32f\libg_nano.a(lib_a-nano-vfprintf_i.o)
                                         0x25 (size before relaxing)
 *(.gnu.linkonce.t.*)
                0x0000000000007754                . = ALIGN (0x4)

.rela.dyn       0x0000000000007754        0x0
 .rela.init     0x0000000000007754        0x0 ./User/pff/mmcbbp.o
 .rela.vector   0x0000000000007754        0x0 ./User/pff/mmcbbp.o
 .rela.text.handle_reset
                0x0000000000007754        0x0 ./User/pff/mmcbbp.o
 .rela.text._sbrk
                0x0000000000007754        0x0 ./User/pff/mmcbbp.o
 .rela.sdata.curbrk.5275
                0x0000000000007754        0x0 ./User/pff/mmcbbp.o
 .rela.text._vfprintf_r
                0x0000000000007754        0x0 ./User/pff/mmcbbp.o
 .rela.text._sbrk_r
                0x0000000000007754        0x0 ./User/pff/mmcbbp.o
 .rela.text._write_r
                0x0000000000007754        0x0 ./User/pff/mmcbbp.o
 .rela.text._close_r
                0x0000000000007754        0x0 ./User/pff/mmcbbp.o
 .rela.text._fstat_r
                0x0000000000007754        0x0 ./User/pff/mmcbbp.o
 .rela.text._isatty_r
                0x0000000000007754        0x0 ./User/pff/mmcbbp.o
 .rela.text._lseek_r
                0x0000000000007754        0x0 ./User/pff/mmcbbp.o
 .rela.text._read_r
                0x0000000000007754        0x0 ./User/pff/mmcbbp.o
 .rela.text._close
                0x0000000000007754        0x0 ./User/pff/mmcbbp.o
 .rela.text._fstat
                0x0000000000007754        0x0 ./User/pff/mmcbbp.o
 .rela.text._isatty
                0x0000000000007754        0x0 ./User/pff/mmcbbp.o
 .rela.text._lseek
                0x0000000000007754        0x0 ./User/pff/mmcbbp.o
 .rela.text._read
                0x0000000000007754        0x0 ./User/pff/mmcbbp.o

.fini           0x0000000000007754        0x0
 *(SORT_NONE(.fini))
                0x0000000000007754                . = ALIGN (0x4)
                [!provide]                        PROVIDE (_etext = .)
                [!provide]                        PROVIDE (_eitcm = .)

.preinit_array  0x0000000000007754        0x0
                [!provide]                        PROVIDE (__preinit_array_start = .)
 *(.preinit_array)
                [!provide]                        PROVIDE (__preinit_array_end = .)

.init_array     0x0000000000007754        0x0
                [!provide]                        PROVIDE (__init_array_start = .)
 *(SORT_BY_INIT_PRIORITY(.init_array.*) SORT_BY_INIT_PRIORITY(.ctors.*))
 *(.init_array EXCLUDE_FILE(*crtend?.o *crtend.o *crtbegin?.o *crtbegin.o) .ctors)
                [!provide]                        PROVIDE (__init_array_end = .)

.fini_array     0x0000000000007754        0x0
                [!provide]                        PROVIDE (__fini_array_start = .)
 *(SORT_BY_INIT_PRIORITY(.fini_array.*) SORT_BY_INIT_PRIORITY(.dtors.*))
 *(.fini_array EXCLUDE_FILE(*crtend?.o *crtend.o *crtbegin?.o *crtbegin.o) .dtors)
                [!provide]                        PROVIDE (__fini_array_end = .)

.ctors
 *crtbegin.o(.ctors)
 *crtbegin?.o(.ctors)
 *(EXCLUDE_FILE(*crtend?.o *crtend.o) .ctors)
 *(SORT_BY_NAME(.ctors.*))
 *(.ctors)

.dtors
 *crtbegin.o(.dtors)
 *crtbegin?.o(.dtors)
 *(EXCLUDE_FILE(*crtend?.o *crtend.o) .dtors)
 *(SORT_BY_NAME(.dtors.*))
 *(.dtors)

.dalign         0x0000000020000000        0x0 load address 0x0000000000007754
                0x0000000020000000                . = ALIGN (0x4)
                0x0000000020000000                PROVIDE (_data_vma = .)

.dlalign        0x0000000000007754        0x0
                0x0000000000007754                . = ALIGN (0x4)
                0x0000000000007754                PROVIDE (_data_lma = .)

.data           0x0000000020000000       0xa0 load address 0x0000000000007754
 *(.gnu.linkonce.r.*)
 *(.data .data.*)
 .data.AHBPrescTable
                0x0000000020000000       0x10 ./User/system_ch32v30x.o
                0x0000000020000000                AHBPrescTable
 .data.APBAHBPrescTable
                0x0000000020000010       0x10 ./Peripheral/src/ch32v30x_rcc.o
 .data.impure_data
                0x0000000020000020       0x60 c:/mounriver/mounriver_studio2/resources/app/resources/win32/components/wch/toolchain/risc-v embedded gcc/bin/../lib/gcc/riscv-none-embed/8.2.0/../../../../riscv-none-embed/lib/rv32imafcxw/ilp32f\libg_nano.a(lib_a-impure.o)
 *(.gnu.linkonce.d.*)
                0x0000000020000080                . = ALIGN (0x8)
                0x0000000020000880                PROVIDE (__global_pointer$ = (. + 0x800))
 *(.sdata .sdata.*)
 .sdata.flag_cb
                0x0000000020000080        0x4 ./User/main.o
                0x0000000020000080                flag_cb
 .sdata.flag_hb
                0x0000000020000084        0x4 ./User/main.o
                0x0000000020000084                flag_hb
 .sdata.SystemCoreClock
                0x0000000020000088        0x4 ./User/system_ch32v30x.o
                0x0000000020000088                SystemCoreClock
 .sdata.ADCPrescTable
                0x000000002000008c        0x4 ./Peripheral/src/ch32v30x_rcc.o
 .sdata.curbrk.5275
                0x0000000020000090        0x4 ./Debug/debug.o
 .sdata._impure_ptr
                0x0000000020000094        0x4 c:/mounriver/mounriver_studio2/resources/app/resources/win32/components/wch/toolchain/risc-v embedded gcc/bin/../lib/gcc/riscv-none-embed/8.2.0/../../../../riscv-none-embed/lib/rv32imafcxw/ilp32f\libg_nano.a(lib_a-impure.o)
                0x0000000020000094                _impure_ptr
 *(.sdata2.*)
 .sdata2.dir_raiz
                0x0000000020000098        0x1 ./User/main.o
                0x0000000020000098                dir_raiz
 *fill*         0x0000000020000099        0x3 
 .sdata2._global_impure_ptr
                0x000000002000009c        0x4 c:/mounriver/mounriver_studio2/resources/app/resources/win32/components/wch/toolchain/risc-v embedded gcc/bin/../lib/gcc/riscv-none-embed/8.2.0/../../../../riscv-none-embed/lib/rv32imafcxw/ilp32f\libg_nano.a(lib_a-impure.o)
                0x000000002000009c                _global_impure_ptr
 *(.gnu.linkonce.s.*)
                0x00000000200000a0                . = ALIGN (0x8)
 *(.srodata.cst16)
 *(.srodata.cst8)
 *(.srodata.cst4)
 *(.srodata.cst2)
 *(.srodata .srodata.*)
                0x00000000200000a0                . = ALIGN (0x4)
                0x00000000200000a0                PROVIDE (_edata = .)

.bss            0x00000000200000a0     0x3c54 load address 0x00000000000077f4
                0x00000000200000a0                . = ALIGN (0x4)
                0x00000000200000a0                PROVIDE (_sbss = .)
 *(.sbss*)
 .sbss.CardType
                0x00000000200000a0        0x1 ./User/pff/mmcbbp.o
 *fill*         0x00000000200000a1        0x3 
 .sbss.FatFs    0x00000000200000a4        0x4 ./User/pff/pff.o
 .sbss.estado_mp3
                0x00000000200000a8        0x4 ./User/main.o
                0x00000000200000a8                estado_mp3
 .sbss.frame_size
                0x00000000200000ac        0x4 ./User/main.o
                0x00000000200000ac                frame_size
 .sbss.i.7026   0x00000000200000b0        0x1 ./User/main.o
 *fill*         0x00000000200000b1        0x3 
 .sbss.is       0x00000000200000b4        0x4 ./User/main.o
                0x00000000200000b4                is
 .sbss.ks       0x00000000200000b8        0x4 ./User/main.o
                0x00000000200000b8                ks
 .sbss.nbuf     0x00000000200000bc        0x4 ./User/main.o
                0x00000000200000bc                nbuf
 .sbss.pread    0x00000000200000c0        0x4 ./User/main.o
                0x00000000200000c0                pread
 .sbss.NVIC_Priority_Group
                0x00000000200000c4        0x4 ./Peripheral/src/ch32v30x_misc.o
                0x00000000200000c4                NVIC_Priority_Group
 .sbss.p_ms     0x00000000200000c8        0x2 ./Debug/debug.o
 .sbss.p_us     0x00000000200000ca        0x1 ./Debug/debug.o
 *fill*         0x00000000200000cb        0x1 
 .sbss.__malloc_free_list
                0x00000000200000cc        0x4 c:/mounriver/mounriver_studio2/resources/app/resources/win32/components/wch/toolchain/risc-v embedded gcc/bin/../lib/gcc/riscv-none-embed/8.2.0/../../../../riscv-none-embed/lib/rv32imafcxw/ilp32f\libg_nano.a(lib_a-nano-mallocr.o)
                0x00000000200000cc                __malloc_free_list
 .sbss.__malloc_sbrk_start
                0x00000000200000d0        0x4 c:/mounriver/mounriver_studio2/resources/app/resources/win32/components/wch/toolchain/risc-v embedded gcc/bin/../lib/gcc/riscv-none-embed/8.2.0/../../../../riscv-none-embed/lib/rv32imafcxw/ilp32f\libg_nano.a(lib_a-nano-mallocr.o)
                0x00000000200000d0                __malloc_sbrk_start
 *(.gnu.linkonce.sb.*)
 *(.bss*)
 .bss.DAC_Value
                0x00000000200000d4      0x100 ./User/main.o
                0x00000000200000d4                DAC_Value
 .bss.ar_audio_samples
                0x00000000200001d4      0xa00 ./User/main.o
                0x00000000200001d4                ar_audio_samples
 .bss.audio_samples
                0x0000000020000bd4       0x20 ./User/main.o
                0x0000000020000bd4                audio_samples
 .bss.buf       0x0000000020000bf4      0x480 ./User/main.o
                0x0000000020000bf4                buf
 .bss.dir       0x0000000020001074       0x14 ./User/main.o
                0x0000000020001074                dir
 .bss.fatfs     0x0000000020001088       0x2c ./User/main.o
                0x0000000020001088                fatfs
 .bss.fno       0x00000000200010b4       0x18 ./User/main.o
                0x00000000200010b4                fno
 .bss.info      0x00000000200010cc       0x18 ./User/main.o
                0x00000000200010cc                info
 .bss.mp3d      0x00000000200010e4     0x1a0c ./User/main.o
                0x00000000200010e4                mp3d
 .bss.pcm       0x0000000020002af0     0x1200 ./User/main.o
                0x0000000020002af0                pcm
 *(.gnu.linkonce.b.*)
 *(COMMON*)
 COMMON         0x0000000020003cf0        0x4 c:/mounriver/mounriver_studio2/resources/app/resources/win32/components/wch/toolchain/risc-v embedded gcc/bin/../lib/gcc/riscv-none-embed/8.2.0/../../../../riscv-none-embed/lib/rv32imafcxw/ilp32f\libg_nano.a(lib_a-reent.o)
                0x0000000020003cf0                errno
                0x0000000020003cf4                . = ALIGN (0x4)
                0x0000000020003cf4                PROVIDE (_ebss = .)
                0x0000000020003cf4                PROVIDE (_end = _ebss)
                [!provide]                        PROVIDE (end = .)

.stack          0x0000000020007004      0xffc
                0x0000000020007004                PROVIDE (_heap_end = .)
                0x0000000020007004                . = ALIGN (0x4)
                [!provide]                        PROVIDE (_susrstack = .)
                0x0000000020008000                . = (. + __stack_size)
 *fill*         0x0000000020007004      0xffc 
                0x0000000020008000                PROVIDE (_eusrstack = .)
OUTPUT(MP3_dac_CH32V305FBP6_r6.elf elf32-littleriscv)

.debug_info     0x0000000000000000    0x1552e
 .debug_info    0x0000000000000000     0x14e6 ./User/pff/mmcbbp.o
 .debug_info    0x00000000000014e6     0x129e ./User/pff/pff.o
 .debug_info    0x0000000000002784      0x1fe ./User/buffer_fifo.o
 .debug_info    0x0000000000002982      0xbc0 ./User/ch32v30x_it.o
 .debug_info    0x0000000000003542     0x572a ./User/main.o
 .debug_info    0x0000000000008c6c      0xb4d ./User/system_ch32v30x.o
 .debug_info    0x00000000000097b9       0x22 ./Startup/startup_ch32v30x_D8C.o
 .debug_info    0x00000000000097db      0xdbd ./Peripheral/src/ch32v30x_dac.o
 .debug_info    0x000000000000a598      0xa94 ./Peripheral/src/ch32v30x_dbgmcu.o
 .debug_info    0x000000000000b02c      0xd16 ./Peripheral/src/ch32v30x_dma.o
 .debug_info    0x000000000000bd42     0x12aa ./Peripheral/src/ch32v30x_gpio.o
 .debug_info    0x000000000000cfec      0xf5b ./Peripheral/src/ch32v30x_misc.o
 .debug_info    0x000000000000df47     0x158a ./Peripheral/src/ch32v30x_rcc.o
 .debug_info    0x000000000000f4d1     0x12cd ./Peripheral/src/ch32v30x_spi.o
 .debug_info    0x000000000001079e     0x2a54 ./Peripheral/src/ch32v30x_tim.o
 .debug_info    0x00000000000131f2     0x13cd ./Peripheral/src/ch32v30x_usart.o
 .debug_info    0x00000000000145bf      0xf6f ./Debug/debug.o

.debug_abbrev   0x0000000000000000     0x327c
 .debug_abbrev  0x0000000000000000      0x3f4 ./User/pff/mmcbbp.o
 .debug_abbrev  0x00000000000003f4      0x280 ./User/pff/pff.o
 .debug_abbrev  0x0000000000000674      0x133 ./User/buffer_fifo.o
 .debug_abbrev  0x00000000000007a7      0x22c ./User/ch32v30x_it.o
 .debug_abbrev  0x00000000000009d3      0x6bd ./User/main.o
 .debug_abbrev  0x0000000000001090      0x28b ./User/system_ch32v30x.o
 .debug_abbrev  0x000000000000131b       0x12 ./Startup/startup_ch32v30x_D8C.o
 .debug_abbrev  0x000000000000132d      0x2fe ./Peripheral/src/ch32v30x_dac.o
 .debug_abbrev  0x000000000000162b      0x2f7 ./Peripheral/src/ch32v30x_dbgmcu.o
 .debug_abbrev  0x0000000000001922      0x2fd ./Peripheral/src/ch32v30x_dma.o
 .debug_abbrev  0x0000000000001c1f      0x31a ./Peripheral/src/ch32v30x_gpio.o
 .debug_abbrev  0x0000000000001f39      0x2da ./Peripheral/src/ch32v30x_misc.o
 .debug_abbrev  0x0000000000002213      0x351 ./Peripheral/src/ch32v30x_rcc.o
 .debug_abbrev  0x0000000000002564      0x312 ./Peripheral/src/ch32v30x_spi.o
 .debug_abbrev  0x0000000000002876      0x3ff ./Peripheral/src/ch32v30x_tim.o
 .debug_abbrev  0x0000000000002c75      0x312 ./Peripheral/src/ch32v30x_usart.o
 .debug_abbrev  0x0000000000002f87      0x2f5 ./Debug/debug.o

.debug_loc      0x0000000000000000     0x91ec
 .debug_loc     0x0000000000000000      0x388 ./User/pff/mmcbbp.o
 .debug_loc     0x0000000000000388     0x1090 ./User/pff/pff.o
 .debug_loc     0x0000000000001418       0xb9 ./User/buffer_fifo.o
 .debug_loc     0x00000000000014d1     0x3dc4 ./User/main.o
 .debug_loc     0x0000000000005295      0x163 ./User/system_ch32v30x.o
 .debug_loc     0x00000000000053f8      0x238 ./Peripheral/src/ch32v30x_dac.o
 .debug_loc     0x0000000000005630       0x7c ./Peripheral/src/ch32v30x_dbgmcu.o
 .debug_loc     0x00000000000056ac      0x19a ./Peripheral/src/ch32v30x_dma.o
 .debug_loc     0x0000000000005846      0x72b ./Peripheral/src/ch32v30x_gpio.o
 .debug_loc     0x0000000000005f71       0x61 ./Peripheral/src/ch32v30x_misc.o
 .debug_loc     0x0000000000005fd2      0xadb ./Peripheral/src/ch32v30x_rcc.o
 .debug_loc     0x0000000000006aad      0x598 ./Peripheral/src/ch32v30x_spi.o
 .debug_loc     0x0000000000007045     0x18b7 ./Peripheral/src/ch32v30x_tim.o
 .debug_loc     0x00000000000088fc      0x779 ./Peripheral/src/ch32v30x_usart.o
 .debug_loc     0x0000000000009075      0x177 ./Debug/debug.o

.debug_aranges  0x0000000000000000      0xad8
 .debug_aranges
                0x0000000000000000       0x50 ./User/pff/mmcbbp.o
 .debug_aranges
                0x0000000000000050       0x88 ./User/pff/pff.o
 .debug_aranges
                0x00000000000000d8       0x40 ./User/buffer_fifo.o
 .debug_aranges
                0x0000000000000118       0x28 ./User/ch32v30x_it.o
 .debug_aranges
                0x0000000000000140       0xc0 ./User/main.o
 .debug_aranges
                0x0000000000000200       0x28 ./User/system_ch32v30x.o
 .debug_aranges
                0x0000000000000228       0x30 ./Startup/startup_ch32v30x_D8C.o
 .debug_aranges
                0x0000000000000258       0x78 ./Peripheral/src/ch32v30x_dac.o
 .debug_aranges
                0x00000000000002d0       0x48 ./Peripheral/src/ch32v30x_dbgmcu.o
 .debug_aranges
                0x0000000000000318       0x60 ./Peripheral/src/ch32v30x_dma.o
 .debug_aranges
                0x0000000000000378       0xb0 ./Peripheral/src/ch32v30x_gpio.o
 .debug_aranges
                0x0000000000000428       0x28 ./Peripheral/src/ch32v30x_misc.o
 .debug_aranges
                0x0000000000000450      0x1a8 ./Peripheral/src/ch32v30x_rcc.o
 .debug_aranges
                0x00000000000005f8       0xd0 ./Peripheral/src/ch32v30x_spi.o
 .debug_aranges
                0x00000000000006c8      0x2d0 ./Peripheral/src/ch32v30x_tim.o
 .debug_aranges
                0x0000000000000998       0xf0 ./Peripheral/src/ch32v30x_usart.o
 .debug_aranges
                0x0000000000000a88       0x50 ./Debug/debug.o

.debug_ranges   0x0000000000000000     0x13b0
 .debug_ranges  0x0000000000000000       0xa8 ./User/pff/mmcbbp.o
 .debug_ranges  0x00000000000000a8      0x218 ./User/pff/pff.o
 .debug_ranges  0x00000000000002c0       0x48 ./User/buffer_fifo.o
 .debug_ranges  0x0000000000000308       0x18 ./User/ch32v30x_it.o
 .debug_ranges  0x0000000000000320      0x840 ./User/main.o
 .debug_ranges  0x0000000000000b60       0x18 ./User/system_ch32v30x.o
 .debug_ranges  0x0000000000000b78       0x28 ./Startup/startup_ch32v30x_D8C.o
 .debug_ranges  0x0000000000000ba0       0x68 ./Peripheral/src/ch32v30x_dac.o
 .debug_ranges  0x0000000000000c08       0x50 ./Peripheral/src/ch32v30x_dbgmcu.o
 .debug_ranges  0x0000000000000c58       0x50 ./Peripheral/src/ch32v30x_dma.o
 .debug_ranges  0x0000000000000ca8       0xa0 ./Peripheral/src/ch32v30x_gpio.o
 .debug_ranges  0x0000000000000d48       0x30 ./Peripheral/src/ch32v30x_misc.o
 .debug_ranges  0x0000000000000d78      0x198 ./Peripheral/src/ch32v30x_rcc.o
 .debug_ranges  0x0000000000000f10       0xc0 ./Peripheral/src/ch32v30x_spi.o
 .debug_ranges  0x0000000000000fd0      0x2c0 ./Peripheral/src/ch32v30x_tim.o
 .debug_ranges  0x0000000000001290       0xe0 ./Peripheral/src/ch32v30x_usart.o
 .debug_ranges  0x0000000000001370       0x40 ./Debug/debug.o

.debug_line     0x0000000000000000    0x1386f
 .debug_line    0x0000000000000000      0xd7c ./User/pff/mmcbbp.o
 .debug_line    0x0000000000000d7c     0x1e7c ./User/pff/pff.o
 .debug_line    0x0000000000002bf8      0x34e ./User/buffer_fifo.o
 .debug_line    0x0000000000002f46      0x346 ./User/ch32v30x_it.o
 .debug_line    0x000000000000328c     0x5bdd ./User/main.o
 .debug_line    0x0000000000008e69      0x85c ./User/system_ch32v30x.o
 .debug_line    0x00000000000096c5      0x122 ./Startup/startup_ch32v30x_D8C.o
 .debug_line    0x00000000000097e7      0x899 ./Peripheral/src/ch32v30x_dac.o
 .debug_line    0x000000000000a080      0x421 ./Peripheral/src/ch32v30x_dbgmcu.o
 .debug_line    0x000000000000a4a1      0xa80 ./Peripheral/src/ch32v30x_dma.o
 .debug_line    0x000000000000af21     0x1306 ./Peripheral/src/ch32v30x_gpio.o
 .debug_line    0x000000000000c227      0x484 ./Peripheral/src/ch32v30x_misc.o
 .debug_line    0x000000000000c6ab     0x1a38 ./Peripheral/src/ch32v30x_rcc.o
 .debug_line    0x000000000000e0e3      0xddf ./Peripheral/src/ch32v30x_spi.o
 .debug_line    0x000000000000eec2     0x321e ./Peripheral/src/ch32v30x_tim.o
 .debug_line    0x00000000000120e0      0xfa5 ./Peripheral/src/ch32v30x_usart.o
 .debug_line    0x0000000000013085      0x7ea ./Debug/debug.o

.debug_str      0x0000000000000000     0x3be6
 .debug_str     0x0000000000000000      0x94f ./User/pff/mmcbbp.o
                                        0xa04 (size before relaxing)
 .debug_str     0x000000000000094f      0x1f5 ./User/pff/pff.o
                                        0x45c (size before relaxing)
 .debug_str     0x0000000000000b44       0x85 ./User/buffer_fifo.o
                                        0x1c0 (size before relaxing)
 .debug_str     0x0000000000000bc9       0x9c ./User/ch32v30x_it.o
                                        0x6bc (size before relaxing)
 .debug_str     0x0000000000000c65     0x122d ./User/main.o
                                       0x1ce9 (size before relaxing)
 .debug_str     0x0000000000001e92       0xf1 ./User/system_ch32v30x.o
                                        0x6ef (size before relaxing)
 .debug_str     0x0000000000001f83       0x2e ./Startup/startup_ch32v30x_D8C.o
                                         0x73 (size before relaxing)
 .debug_str     0x0000000000001fb1      0x153 ./Peripheral/src/ch32v30x_dac.o
                                        0x836 (size before relaxing)
 .debug_str     0x0000000000002104       0x7e ./Peripheral/src/ch32v30x_dbgmcu.o
                                        0x67d (size before relaxing)
 .debug_str     0x0000000000002182       0xdf ./Peripheral/src/ch32v30x_dma.o
                                        0x82a (size before relaxing)
 .debug_str     0x0000000000002261      0x227 ./Peripheral/src/ch32v30x_gpio.o
                                        0x9e7 (size before relaxing)
 .debug_str     0x0000000000002488       0xfe ./Peripheral/src/ch32v30x_misc.o
                                        0xcf0 (size before relaxing)
 .debug_str     0x0000000000002586      0x597 ./Peripheral/src/ch32v30x_rcc.o
                                        0xd16 (size before relaxing)
 .debug_str     0x0000000000002b1d      0x260 ./Peripheral/src/ch32v30x_spi.o
                                        0xac6 (size before relaxing)
 .debug_str     0x0000000000002d7d      0x9ff ./Peripheral/src/ch32v30x_tim.o
                                       0x12c5 (size before relaxing)
 .debug_str     0x000000000000377c      0x3e2 ./Peripheral/src/ch32v30x_usart.o
                                        0xb31 (size before relaxing)
 .debug_str     0x0000000000003b5e       0x88 ./Debug/debug.o
                                        0x96f (size before relaxing)

.comment        0x0000000000000000       0x33
 .comment       0x0000000000000000       0x33 ./User/pff/mmcbbp.o
                                         0x34 (size before relaxing)
 .comment       0x0000000000000033       0x34 ./User/pff/pff.o
 .comment       0x0000000000000033       0x34 ./User/buffer_fifo.o
 .comment       0x0000000000000033       0x34 ./User/ch32v30x_it.o
 .comment       0x0000000000000033       0x34 ./User/main.o
 .comment       0x0000000000000033       0x34 ./User/system_ch32v30x.o
 .comment       0x0000000000000033       0x34 ./Peripheral/src/ch32v30x_dac.o
 .comment       0x0000000000000033       0x34 ./Peripheral/src/ch32v30x_dbgmcu.o
 .comment       0x0000000000000033       0x34 ./Peripheral/src/ch32v30x_dma.o
 .comment       0x0000000000000033       0x34 ./Peripheral/src/ch32v30x_gpio.o
 .comment       0x0000000000000033       0x34 ./Peripheral/src/ch32v30x_misc.o
 .comment       0x0000000000000033       0x34 ./Peripheral/src/ch32v30x_rcc.o
 .comment       0x0000000000000033       0x34 ./Peripheral/src/ch32v30x_spi.o
 .comment       0x0000000000000033       0x34 ./Peripheral/src/ch32v30x_tim.o
 .comment       0x0000000000000033       0x34 ./Peripheral/src/ch32v30x_usart.o
 .comment       0x0000000000000033       0x34 ./Debug/debug.o

.debug_frame    0x0000000000000000     0x2218
 .debug_frame   0x0000000000000000      0x114 ./User/pff/mmcbbp.o
 .debug_frame   0x0000000000000114      0x210 ./User/pff/pff.o
 .debug_frame   0x0000000000000324       0x60 ./User/buffer_fifo.o
 .debug_frame   0x0000000000000384       0x30 ./User/ch32v30x_it.o
 .debug_frame   0x00000000000003b4      0x308 ./User/main.o
 .debug_frame   0x00000000000006bc       0x30 ./User/system_ch32v30x.o
 .debug_frame   0x00000000000006ec       0xf4 ./Peripheral/src/ch32v30x_dac.o
 .debug_frame   0x00000000000007e0       0x70 ./Peripheral/src/ch32v30x_dbgmcu.o
 .debug_frame   0x0000000000000850       0xd8 ./Peripheral/src/ch32v30x_dma.o
 .debug_frame   0x0000000000000928      0x174 ./Peripheral/src/ch32v30x_gpio.o
 .debug_frame   0x0000000000000a9c       0x30 ./Peripheral/src/ch32v30x_misc.o
 .debug_frame   0x0000000000000acc      0x344 ./Peripheral/src/ch32v30x_rcc.o
 .debug_frame   0x0000000000000e10      0x1a8 ./Peripheral/src/ch32v30x_spi.o
 .debug_frame   0x0000000000000fb8      0x614 ./Peripheral/src/ch32v30x_tim.o
 .debug_frame   0x00000000000015cc      0x1e4 ./Peripheral/src/ch32v30x_usart.o
 .debug_frame   0x00000000000017b0       0xb8 ./Debug/debug.o
 .debug_frame   0x0000000000001868       0x20 c:/mounriver/mounriver_studio2/resources/app/resources/win32/components/wch/toolchain/risc-v embedded gcc/bin/../lib/gcc/riscv-none-embed/8.2.0/../../../../riscv-none-embed/lib/rv32imafcxw/ilp32f\libg_nano.a(lib_a-memcpy.o)
 .debug_frame   0x0000000000001888       0x20 c:/mounriver/mounriver_studio2/resources/app/resources/win32/components/wch/toolchain/risc-v embedded gcc/bin/../lib/gcc/riscv-none-embed/8.2.0/../../../../riscv-none-embed/lib/rv32imafcxw/ilp32f\libg_nano.a(lib_a-memmove.o)
 .debug_frame   0x00000000000018a8       0x54 c:/mounriver/mounriver_studio2/resources/app/resources/win32/components/wch/toolchain/risc-v embedded gcc/bin/../lib/gcc/riscv-none-embed/8.2.0/../../../../riscv-none-embed/lib/rv32imafcxw/ilp32f\libg_nano.a(lib_a-printf.o)
 .debug_frame   0x00000000000018fc       0x54 c:/mounriver/mounriver_studio2/resources/app/resources/win32/components/wch/toolchain/risc-v embedded gcc/bin/../lib/gcc/riscv-none-embed/8.2.0/../../../../riscv-none-embed/lib/rv32imafcxw/ilp32f\libg_nano.a(lib_a-puts.o)
 .debug_frame   0x0000000000001950       0x3c c:/mounriver/mounriver_studio2/resources/app/resources/win32/components/wch/toolchain/risc-v embedded gcc/bin/../lib/gcc/riscv-none-embed/8.2.0/../../../../riscv-none-embed/lib/rv32imafcxw/ilp32f\libg_nano.a(lib_a-strrchr.o)
 .debug_frame   0x000000000000198c       0x50 c:/mounriver/mounriver_studio2/resources/app/resources/win32/components/wch/toolchain/risc-v embedded gcc/bin/../lib/gcc/riscv-none-embed/8.2.0/../../../../riscv-none-embed/lib/rv32imafcxw/ilp32f\libg_nano.a(lib_a-wbuf.o)
 .debug_frame   0x00000000000019dc       0x3c c:/mounriver/mounriver_studio2/resources/app/resources/win32/components/wch/toolchain/risc-v embedded gcc/bin/../lib/gcc/riscv-none-embed/8.2.0/../../../../riscv-none-embed/lib/rv32imafcxw/ilp32f\libg_nano.a(lib_a-wsetup.o)
 .debug_frame   0x0000000000001a18       0x7c c:/mounriver/mounriver_studio2/resources/app/resources/win32/components/wch/toolchain/risc-v embedded gcc/bin/../lib/gcc/riscv-none-embed/8.2.0/../../../../riscv-none-embed/lib/rv32imafcxw/ilp32f\libg_nano.a(lib_a-fflush.o)
 .debug_frame   0x0000000000001a94      0x148 c:/mounriver/mounriver_studio2/resources/app/resources/win32/components/wch/toolchain/risc-v embedded gcc/bin/../lib/gcc/riscv-none-embed/8.2.0/../../../../riscv-none-embed/lib/rv32imafcxw/ilp32f\libg_nano.a(lib_a-findfp.o)
 .debug_frame   0x0000000000001bdc       0x88 c:/mounriver/mounriver_studio2/resources/app/resources/win32/components/wch/toolchain/risc-v embedded gcc/bin/../lib/gcc/riscv-none-embed/8.2.0/../../../../riscv-none-embed/lib/rv32imafcxw/ilp32f\libg_nano.a(lib_a-fwalk.o)
 .debug_frame   0x0000000000001c64       0x64 c:/mounriver/mounriver_studio2/resources/app/resources/win32/components/wch/toolchain/risc-v embedded gcc/bin/../lib/gcc/riscv-none-embed/8.2.0/../../../../riscv-none-embed/lib/rv32imafcxw/ilp32f\libg_nano.a(lib_a-makebuf.o)
 .debug_frame   0x0000000000001cc8       0x40 c:/mounriver/mounriver_studio2/resources/app/resources/win32/components/wch/toolchain/risc-v embedded gcc/bin/../lib/gcc/riscv-none-embed/8.2.0/../../../../riscv-none-embed/lib/rv32imafcxw/ilp32f\libg_nano.a(lib_a-nano-freer.o)
 .debug_frame   0x0000000000001d08       0x40 c:/mounriver/mounriver_studio2/resources/app/resources/win32/components/wch/toolchain/risc-v embedded gcc/bin/../lib/gcc/riscv-none-embed/8.2.0/../../../../riscv-none-embed/lib/rv32imafcxw/ilp32f\libg_nano.a(lib_a-nano-mallocr.o)
 .debug_frame   0x0000000000001d48       0xd0 c:/mounriver/mounriver_studio2/resources/app/resources/win32/components/wch/toolchain/risc-v embedded gcc/bin/../lib/gcc/riscv-none-embed/8.2.0/../../../../riscv-none-embed/lib/rv32imafcxw/ilp32f\libg_nano.a(lib_a-nano-vfprintf.o)
 .debug_frame   0x0000000000001e18       0x8c c:/mounriver/mounriver_studio2/resources/app/resources/win32/components/wch/toolchain/risc-v embedded gcc/bin/../lib/gcc/riscv-none-embed/8.2.0/../../../../riscv-none-embed/lib/rv32imafcxw/ilp32f\libg_nano.a(lib_a-nano-vfprintf_i.o)
 .debug_frame   0x0000000000001ea4       0x30 c:/mounriver/mounriver_studio2/resources/app/resources/win32/components/wch/toolchain/risc-v embedded gcc/bin/../lib/gcc/riscv-none-embed/8.2.0/../../../../riscv-none-embed/lib/rv32imafcxw/ilp32f\libg_nano.a(lib_a-sbrkr.o)
 .debug_frame   0x0000000000001ed4       0xa4 c:/mounriver/mounriver_studio2/resources/app/resources/win32/components/wch/toolchain/risc-v embedded gcc/bin/../lib/gcc/riscv-none-embed/8.2.0/../../../../riscv-none-embed/lib/rv32imafcxw/ilp32f\libg_nano.a(lib_a-stdio.o)
 .debug_frame   0x0000000000001f78       0x20 c:/mounriver/mounriver_studio2/resources/app/resources/win32/components/wch/toolchain/risc-v embedded gcc/bin/../lib/gcc/riscv-none-embed/8.2.0/../../../../riscv-none-embed/lib/rv32imafcxw/ilp32f\libg_nano.a(lib_a-strchr.o)
 .debug_frame   0x0000000000001f98       0x30 c:/mounriver/mounriver_studio2/resources/app/resources/win32/components/wch/toolchain/risc-v embedded gcc/bin/../lib/gcc/riscv-none-embed/8.2.0/../../../../riscv-none-embed/lib/rv32imafcxw/ilp32f\libg_nano.a(lib_a-writer.o)
 .debug_frame   0x0000000000001fc8       0x30 c:/mounriver/mounriver_studio2/resources/app/resources/win32/components/wch/toolchain/risc-v embedded gcc/bin/../lib/gcc/riscv-none-embed/8.2.0/../../../../riscv-none-embed/lib/rv32imafcxw/ilp32f\libg_nano.a(lib_a-closer.o)
 .debug_frame   0x0000000000001ff8       0x30 c:/mounriver/mounriver_studio2/resources/app/resources/win32/components/wch/toolchain/risc-v embedded gcc/bin/../lib/gcc/riscv-none-embed/8.2.0/../../../../riscv-none-embed/lib/rv32imafcxw/ilp32f\libg_nano.a(lib_a-fstatr.o)
 .debug_frame   0x0000000000002028       0x30 c:/mounriver/mounriver_studio2/resources/app/resources/win32/components/wch/toolchain/risc-v embedded gcc/bin/../lib/gcc/riscv-none-embed/8.2.0/../../../../riscv-none-embed/lib/rv32imafcxw/ilp32f\libg_nano.a(lib_a-isattyr.o)
 .debug_frame   0x0000000000002058       0x30 c:/mounriver/mounriver_studio2/resources/app/resources/win32/components/wch/toolchain/risc-v embedded gcc/bin/../lib/gcc/riscv-none-embed/8.2.0/../../../../riscv-none-embed/lib/rv32imafcxw/ilp32f\libg_nano.a(lib_a-lseekr.o)
 .debug_frame   0x0000000000002088       0x20 c:/mounriver/mounriver_studio2/resources/app/resources/win32/components/wch/toolchain/risc-v embedded gcc/bin/../lib/gcc/riscv-none-embed/8.2.0/../../../../riscv-none-embed/lib/rv32imafcxw/ilp32f\libg_nano.a(lib_a-memchr.o)
 .debug_frame   0x00000000000020a8       0x30 c:/mounriver/mounriver_studio2/resources/app/resources/win32/components/wch/toolchain/risc-v embedded gcc/bin/../lib/gcc/riscv-none-embed/8.2.0/../../../../riscv-none-embed/lib/rv32imafcxw/ilp32f\libg_nano.a(lib_a-mlock.o)
 .debug_frame   0x00000000000020d8       0x30 c:/mounriver/mounriver_studio2/resources/app/resources/win32/components/wch/toolchain/risc-v embedded gcc/bin/../lib/gcc/riscv-none-embed/8.2.0/../../../../riscv-none-embed/lib/rv32imafcxw/ilp32f\libg_nano.a(lib_a-readr.o)
 .debug_frame   0x0000000000002108       0x70 c:/mounriver/mounriver_studio2/resources/app/resources/win32/components/wch/toolchain/risc-v embedded gcc/bin/../lib/gcc/riscv-none-embed/8.2.0/../../../../riscv-none-embed/lib/rv32imafcxw/ilp32f\libg_nano.a(lib_a-reent.o)
 .debug_frame   0x0000000000002178       0x20 c:/mounriver/mounriver_studio2/resources/app/resources/win32/components/wch/toolchain/risc-v embedded gcc/bin/../lib/gcc/riscv-none-embed/8.2.0/../../../../riscv-none-embed/lib/rv32imafcxw/ilp32f\libnosys.a(close.o)
 .debug_frame   0x0000000000002198       0x20 c:/mounriver/mounriver_studio2/resources/app/resources/win32/components/wch/toolchain/risc-v embedded gcc/bin/../lib/gcc/riscv-none-embed/8.2.0/../../../../riscv-none-embed/lib/rv32imafcxw/ilp32f\libnosys.a(fstat.o)
 .debug_frame   0x00000000000021b8       0x20 c:/mounriver/mounriver_studio2/resources/app/resources/win32/components/wch/toolchain/risc-v embedded gcc/bin/../lib/gcc/riscv-none-embed/8.2.0/../../../../riscv-none-embed/lib/rv32imafcxw/ilp32f\libnosys.a(isatty.o)
 .debug_frame   0x00000000000021d8       0x20 c:/mounriver/mounriver_studio2/resources/app/resources/win32/components/wch/toolchain/risc-v embedded gcc/bin/../lib/gcc/riscv-none-embed/8.2.0/../../../../riscv-none-embed/lib/rv32imafcxw/ilp32f\libnosys.a(lseek.o)
 .debug_frame   0x00000000000021f8       0x20 c:/mounriver/mounriver_studio2/resources/app/resources/win32/components/wch/toolchain/risc-v embedded gcc/bin/../lib/gcc/riscv-none-embed/8.2.0/../../../../riscv-none-embed/lib/rv32imafcxw/ilp32f\libnosys.a(read.o)

.stab           0x0000000000000000       0x84
 .stab          0x0000000000000000       0x24 c:/mounriver/mounriver_studio2/resources/app/resources/win32/components/wch/toolchain/risc-v embedded gcc/bin/../lib/gcc/riscv-none-embed/8.2.0/../../../../riscv-none-embed/lib/rv32imafcxw/ilp32f\libnosys.a(close.o)
 .stab          0x0000000000000024       0x18 c:/mounriver/mounriver_studio2/resources/app/resources/win32/components/wch/toolchain/risc-v embedded gcc/bin/../lib/gcc/riscv-none-embed/8.2.0/../../../../riscv-none-embed/lib/rv32imafcxw/ilp32f\libnosys.a(fstat.o)
                                         0x24 (size before relaxing)
 .stab          0x000000000000003c       0x18 c:/mounriver/mounriver_studio2/resources/app/resources/win32/components/wch/toolchain/risc-v embedded gcc/bin/../lib/gcc/riscv-none-embed/8.2.0/../../../../riscv-none-embed/lib/rv32imafcxw/ilp32f\libnosys.a(isatty.o)
                                         0x24 (size before relaxing)
 .stab          0x0000000000000054       0x18 c:/mounriver/mounriver_studio2/resources/app/resources/win32/components/wch/toolchain/risc-v embedded gcc/bin/../lib/gcc/riscv-none-embed/8.2.0/../../../../riscv-none-embed/lib/rv32imafcxw/ilp32f\libnosys.a(lseek.o)
                                         0x24 (size before relaxing)
 .stab          0x000000000000006c       0x18 c:/mounriver/mounriver_studio2/resources/app/resources/win32/components/wch/toolchain/risc-v embedded gcc/bin/../lib/gcc/riscv-none-embed/8.2.0/../../../../riscv-none-embed/lib/rv32imafcxw/ilp32f\libnosys.a(read.o)
                                         0x24 (size before relaxing)

.stabstr        0x0000000000000000      0x117
 .stabstr       0x0000000000000000      0x117 c:/mounriver/mounriver_studio2/resources/app/resources/win32/components/wch/toolchain/risc-v embedded gcc/bin/../lib/gcc/riscv-none-embed/8.2.0/../../../../riscv-none-embed/lib/rv32imafcxw/ilp32f\libnosys.a(close.o)
